sections
0900 - 4eca : DATA, code
4eca - 53c9 : DATA, data
53c9 - 6b8c : BSS, bss
6b90 - 7000 : HEAP, heap
7000 - 7e21 : STACK, stack
0080 - 0080 : ZEROPAGE, zeropage
8000 - bdff : DATA, bcode1
10000 - 10000 : DATA, bdata1
8000 - a8d0 : DATA, bcode2
10000 - 10000 : DATA, bdata2
8000 - a711 : DATA, bcode3
10000 - 10000 : DATA, bdata3
bc00 - bf00 : DATA, chars
8000 - b24a : DATA, bcode4
10000 - 10000 : DATA, bdata4
8000 - 94f1 : DATA, bcode5
10000 - 10000 : DATA, bdata5
8000 - 83f4 : DATA, sounds
8800 - 8c40 : DATA, sprites
8000 - 9f40 : DATA, imgHires
10000 - 0000 : DATA, scrCol
a000 - a3e8 : DATA, imgCol
8000 - 8baf : DATA, music
9000 - 97a9 : DATA, musicgame
9800 - 9e7b : DATA, musicbg
a000 - a3c0 : DATA, logo
a800 - ad00 : DATA, landscape1
ad00 - aee0 : DATA, moon
aee0 - b0e0 : DATA, alien1
b0e0 - b5e0 : DATA, landscape2
b5e0 - b7e0 : DATA, valleyl
b7e0 - b9e0 : DATA, valleyr
b9e0 - bc80 : DATA, alien2
be00 - be80 : DATA, gridstar
8000 - 8500 : DATA, landscape3
8500 - 8700 : DATA, ship1
8700 - 8c40 : DATA, ship2
0800 - 08e6 : DATA, startup
7fd0 - 8000 : SSTACK, sstack
7fd0 - 7fd0 : SSTACK, memcpy@stack
7fd0 - 7fd0 : SSTACK, proxy_memcpy@stack
7fd0 - 7fd0 : SSTACK, vic_setmode@stack
7fd0 - 7fd0 : SSTACK, proxy0_spr_set@stack
7fd0 - 7fd0 : SSTACK, sin@stack
7fd0 - 7fd0 : SSTACK, cos@stack
7fcc - 7fd0 : SSTACK, initStarPolygon_2@stack
7fd0 - 7fd0 : SSTACK, rirq_stop@stack
7fd0 - 7fd0 : SSTACK, proxy17_copyTitle@stack
7fd0 - 7fd0 : SSTACK, playSubtune@stack
7fd0 - 7fd0 : SSTACK, rirq_init_tables@stack
7fd0 - 7fd0 : SSTACK, rirq_init_kernal@stack
7fd0 - 7fd0 : SSTACK, rirq_init_io@stack
7fd0 - 7fd0 : SSTACK, rirq_build@stack
7fd0 - 7fd0 : SSTACK, rirq_sort@stack
7fd0 - 7fd0 : SSTACK, rirq_start@stack
7fd0 - 7fd0 : SSTACK, rasterMenuInit@stack
7fd0 - 7fd0 : SSTACK, proxy_drawImageUnclipped@stack
7fd0 - 7fd0 : SSTACK, bmu_text@stack
7fd0 - 7fd0 : SSTACK, builddop_src@stack
7fd0 - 7fd0 : SSTACK, builddop_op@stack
7fba - 7fd0 : SSTACK, bm_bitblit@stack
7fb4 - 7fba : SSTACK, bm_put_chars@stack
7fd0 - 7fd0 : SSTACK, strlen@stack
7fb2 - 7fb4 : SSTACK, proxy0_put_string@stack
7fba - 7fba : SSTACK, proxy0_bm_rect_fill@stack
7fba - 7fba : SSTACK, proxy0_bm_rect_clear@stack
7fd0 - 7fd0 : SSTACK, startHighlight_2@stack
7fd0 - 7fd0 : SSTACK, proxy12_startHighlight@stack
7fd0 - 7fd0 : SSTACK, itoa@stack
7faf - 7fb2 : SSTACK, paintLevMenu_1@stack
7fd0 - 7fd0 : SSTACK, decLevel_2@stack
7fd0 - 7fd0 : SSTACK, proxy12_decLevel@stack
7fd0 - 7fd0 : SSTACK, incLevel_2@stack
7fd0 - 7fd0 : SSTACK, proxy12_incLevel@stack
7fd0 - 7fd0 : SSTACK, rirq_wait@stack
7fd0 - 7fd0 : SSTACK, qsqrt_3@stack
7fd0 - 7fd0 : SSTACK, proxy23_qsqrt@stack
7fd0 - 7fd0 : SSTACK, change_low_nibble@stack
7fd0 - 7fd0 : SSTACK, proxy0_colorChar@stack
7fd0 - 7fd0 : SSTACK, colorAreaCircle_2@stack
7fc8 - 7fd0 : SSTACK, titleFadeOut_2@stack
7fc8 - 7fc8 : SSTACK, proxy12_titleFadeOut@stack
7fd0 - 7fd0 : SSTACK, memset@stack
7fd0 - 7fd0 : SSTACK, proxy0_cleanScreen@stack
7fd0 - 7fd0 : SSTACK, particle_init_2@stack
7fd0 - 7fd0 : SSTACK, particle_add_2@stack
7fd0 - 7fd0 : SSTACK, rand@stack
7fd0 - 7fd0 : SSTACK, rnorm_2@stack
7fd0 - 7fd0 : SSTACK, proxy0_pix_set@stack
7fd0 - 7fd0 : SSTACK, particle_move_2@stack
7ee2 - 7fb2 : SSTACK, intro_2@stack
7ee2 - 7ee2 : SSTACK, proxy12_intro@stack
7fd0 - 7fd0 : SSTACK, proxy13_copyCharset@stack
7fd0 - 7fd0 : SSTACK, music_ff@stack
7fd0 - 7fd0 : SSTACK, setTunes_2@stack
7fd0 - 7fd0 : SSTACK, proxy12_setTunes@stack
7fd0 - 7fd0 : SSTACK, rasterInit@stack
7fd0 - 7fd0 : SSTACK, string_write_2@stack
7fd0 - 7fd0 : SSTACK, proxy12_string_write@stack
7fd0 - 7fd0 : SSTACK, score_reset_2@stack
7fd0 - 7fd0 : SSTACK, proxy12_score_reset@stack
7fd0 - 7fd0 : SSTACK, proxy0_drawFrame@stack
7fba - 7fba : SSTACK, preInitScene_3@stack
7fba - 7fba : SSTACK, proxy13_preInitScene@stack
7fd0 - 7fd0 : SSTACK, setGameObjectBall_3@stack
7fd0 - 7fd0 : SSTACK, proxy3_setGameObjectBall@stack
7fd0 - 7fd0 : SSTACK, setGameObjectCannon_3@stack
7fd0 - 7fd0 : SSTACK, proxy3_setGameObjectCannon@stack
7fd0 - 7fd0 : SSTACK, getBoundingBoxChar_3@stack
7fd0 - 7fd0 : SSTACK, setGameObjectImage_3@stack
7fd0 - 7fd0 : SSTACK, proxy3_setGameObjectImage@stack
7fbe - 7fd0 : SSTACK, getBoundingBoxLine_3@stack
7fbc - 7fbe : SSTACK, setGameObjectWallEdge_3@stack
7fbc - 7fbc : SSTACK, proxy3_setGameObjectWallEdge@stack
7fd0 - 7fd0 : SSTACK, setGameObjectTimedCircle_3@stack
7fd0 - 7fd0 : SSTACK, proxy3_setGameObjectTimedCircle@stack
7fbc - 7fbe : SSTACK, setGameObjectValueableTimedEdge_3@stack
7fbc - 7fbc : SSTACK, proxy3_setGameObjectValueableTimedEdge@stack
7fba - 7fbe : SSTACK, setGameObjectTimedEdge_3@stack
7fba - 7fba : SSTACK, proxy3_setGameObjectTimedEdge@stack
7fd0 - 7fd0 : SSTACK, setGameObjectTimedValuableCircle_3@stack
7fd0 - 7fd0 : SSTACK, proxy3_setGameObjectTimedValuableCircle@stack
7fd0 - 7fd0 : SSTACK, setGameObjectBombCircle_3@stack
7fd0 - 7fd0 : SSTACK, proxy3_setGameObjectBombCircle@stack
7fd0 - 7fd0 : SSTACK, addActor_3@stack
7fd0 - 7fd0 : SSTACK, proxy3_addActor@stack
7fd0 - 7fd0 : SSTACK, setGameObjectLargeText_3@stack
7fd0 - 7fd0 : SSTACK, proxy3_setGameObjectLargeText@stack
7fba - 7fbe : SSTACK, setGameObjectLaser_3@stack
7fba - 7fba : SSTACK, proxy3_setGameObjectLaser@stack
7fd0 - 7fd0 : SSTACK, setGameObjectCrackCircle_3@stack
7fd0 - 7fd0 : SSTACK, proxy3_setGameObjectCrackCircle@stack
7fd0 - 7fd0 : SSTACK, setGameObjectCircleOrientation_3@stack
7fd0 - 7fd0 : SSTACK, proxy3_setGameObjectCircleOrientation@stack
7fd0 - 7fd0 : SSTACK, setGameObjectTimedBonusScoreCircle_3@stack
7fd0 - 7fd0 : SSTACK, proxy3_setGameObjectTimedBonusScoreCircle@stack
7fd0 - 7fd0 : SSTACK, setGameObjectBumpCircle_3@stack
7fd0 - 7fd0 : SSTACK, proxy3_setGameObjectBumpCircle@stack
7fd0 - 7fd0 : SSTACK, setGameObjectPortal_3@stack
7fd0 - 7fd0 : SSTACK, proxy3_setGameObjectPortal@stack
7fd0 - 7fd0 : SSTACK, setGameObjectActivateBallCircle_3@stack
7fd0 - 7fd0 : SSTACK, proxy3_setGameObjectActivateBallCircle@stack
7fd0 - 7fd0 : SSTACK, addDepObject_3@stack
7fd0 - 7fd0 : SSTACK, proxy3_addDepObject@stack
7fd0 - 7fd0 : SSTACK, setGameObjectSwitchCircle_3@stack
7fd0 - 7fd0 : SSTACK, proxy3_setGameObjectSwitchCircle@stack
7fd0 - 7fd0 : SSTACK, setGameObjectValuableCrackCircle_3@stack
7fd0 - 7fd0 : SSTACK, proxy3_setGameObjectValuableCrackCircle@stack
7fbc - 7fbe : SSTACK, setGameObjectBombWallEdge_3@stack
7fbc - 7fbc : SSTACK, proxy3_setGameObjectBombWallEdge@stack
7f82 - 7fba : SSTACK, initScene10_5@stack
7f82 - 7f82 : SSTACK, proxy45_initScene10@stack
7fd0 - 7fd0 : SSTACK, setGameObjectKillCircle_3@stack
7fd0 - 7fd0 : SSTACK, proxy3_setGameObjectKillCircle@stack
7fc0 - 7fd0 : SSTACK, initScene11_5@stack
7fc0 - 7fc0 : SSTACK, proxy45_initScene11@stack
7f8c - 7fbc : SSTACK, initScene12_5@stack
7f8c - 7f8c : SSTACK, proxy45_initScene12@stack
7f9b - 7fba : SSTACK, initScene13_5@stack
7f9b - 7f9b : SSTACK, proxy45_initScene13@stack
7f49 - 7f82 : SSTACK, initScene_4@stack
7f49 - 7f49 : SSTACK, proxy14_initScene@stack
7fd0 - 7fd0 : SSTACK, proxy12_particle_add@stack
7fd0 - 7fd0 : SSTACK, drawBackgroundImage_4@stack
7fd0 - 7fd0 : SSTACK, proxy14_drawBackgroundImage@stack
7fd0 - 7fd0 : SSTACK, proxy0_colorArea@stack
7fd0 - 7fd0 : SSTACK, colorBoundingBox_2@stack
7fd0 - 7fd0 : SSTACK, proxy12_colorBoundingBox@stack
7fc0 - 7fd0 : SSTACK, proxy0_lchar_put@stack
7fd0 - 7fd0 : SSTACK, strcat@stack
7f3a - 7fb2 : SSTACK, printLargeString_2@stack
7f3a - 7f3a : SSTACK, proxy12_printLargeString@stack
7fd0 - 7fd0 : SSTACK, bm_scan_fill@stack
7fc7 - 7fd0 : SSTACK, proxy0_bm_circle_fill@stack
7fd0 - 7fd0 : SSTACK, lmuldiv16s@stack
7fc7 - 7fd0 : SSTACK, proxy0_bm_line@stack
7fd0 - 7fd0 : SSTACK, proxy13_qsqrt@stack
7fbf - 7fd0 : SSTACK, bm_trapezoid_fill@stack
7fa9 - 7fbf : SSTACK, proxy0_bm_triangle_fill@stack
7fd0 - 7fd0 : SSTACK, updateFace_2@stack
7fd0 - 7fd0 : SSTACK, proxy12_updateFace@stack
7ee3 - 7f3a : SSTACK, updateRender_1@stack
7ee3 - 7ee3 : SSTACK, proxy31_updateRender@stack
7ee3 - 7ee3 : SSTACK, proxy21_updateRender@stack
7edc - 7ee3 : SSTACK, execActionLaser_2@stack
7ede - 7ee3 : SSTACK, deleteRender_1@stack
7ede - 7ede : SSTACK, proxy21_deleteRender@stack
7ee2 - 7ee3 : SSTACK, execActionRoll_2@stack
7ede - 7ee3 : SSTACK, execActionRandom_2@stack
7fd0 - 7fd0 : SSTACK, playSfx@stack
7ecd - 7ee3 : SSTACK, activateSecondaryBall_1@stack
7ecd - 7ecd : SSTACK, proxy21_activateSecondaryBall@stack
7fa6 - 7fb4 : SSTACK, proxy0_put_score@stack
7fb0 - 7fb4 : SSTACK, proxy0_put_text@stack
7ed3 - 7ede : SSTACK, hideGameObject_2@stack
7ed3 - 7ed3 : SSTACK, proxy12_hideGameObject@stack
7ed3 - 7ed3 : SSTACK, deactivateSecondaryBall_1@stack
7ed3 - 7ed3 : SSTACK, proxy21_deactivateSecondaryBall@stack
7ec2 - 7ecd : SSTACK, dispatchEvent_2@stack
7ec2 - 7ec2 : SSTACK, proxy32_dispatchEvent@stack
7eba - 7ec2 : SSTACK, postInitScene_3@stack
7eba - 7eba : SSTACK, proxy13_postInitScene@stack
7fce - 7fd0 : SSTACK, showBalls_2@stack
7fce - 7fce : SSTACK, proxy12_showBalls@stack
7fcf - 7fd0 : SSTACK, showMultiplier_2@stack
7fcf - 7fcf : SSTACK, proxy12_showMultiplier@stack
7fd0 - 7fd0 : SSTACK, proxy0_spr_image@stack
7fd0 - 7fd0 : SSTACK, proxy23_setGameObjectCannon@stack
7edc - 7ede : SSTACK, setGlobalOrientation_2@stack
7edc - 7edc : SSTACK, proxy12_setGlobalOrientation@stack
7edc - 7ede : SSTACK, executeLargeTextTimer_2@stack
7edc - 7edc : SSTACK, proxy12_executeLargeTextTimer@stack
7fd0 - 7fd0 : SSTACK, proxy32_particle_init@stack
7fd0 - 7fd0 : SSTACK, saveSimulationStart_3@stack
7fd0 - 7fd0 : SSTACK, proxy23_saveSimulationStart@stack
7eb0 - 7ec2 : SSTACK, updateCannon_2@stack
7eb0 - 7eb0 : SSTACK, proxy12_updateCannon@stack
7fd0 - 7fd0 : SSTACK, proxy13_getBoundingBoxCircle@stack
7ec2 - 7ec2 : SSTACK, proxy12_dispatchEvent@stack
7ec2 - 7ec2 : SSTACK, killBall_2@stack
7ec2 - 7ec2 : SSTACK, proxy12_killBall@stack
7ec1 - 7ec2 : SSTACK, resetBall_1@stack
7fd0 - 7fd0 : SSTACK, scoreQueue_enqueue_2@stack
7fd0 - 7fd0 : SSTACK, proxy12_scoreQueue_enqueue@stack
7ee2 - 7ee3 : SSTACK, portalSwitch_2@stack
7ee2 - 7ee2 : SSTACK, proxy12_portalSwitch@stack
7fd0 - 7fd0 : SSTACK, bombQueue_enqueue_2@stack
7fd0 - 7fd0 : SSTACK, proxy21_doCirclesOverlap@stack
7fd0 - 7fd0 : SSTACK, collideQueue_isQueued_2@stack
7fd0 - 7fd0 : SSTACK, proxy12_collideQueue_isQueued@stack
7fd0 - 7fd0 : SSTACK, score_inc_2@stack
7f95 - 7fa6 : SSTACK, handleScore_2@stack
7f95 - 7f95 : SSTACK, proxy12_handleScore@stack
7fd0 - 7fd0 : SSTACK, collideQueue_enqueue_2@stack
7fd0 - 7fd0 : SSTACK, proxy12_collideQueue_enqueue@stack
7ecf - 7ed3 : SSTACK, handleDelete_1@stack
7ecf - 7ecf : SSTACK, proxy21_handleDelete@stack
7ecf - 7ecf : SSTACK, explodeBomb_2@stack
7ecf - 7ecf : SSTACK, proxy12_explodeBomb@stack
7fd0 - 7fd0 : SSTACK, addCollidingPairs_2@stack
7fd0 - 7fd0 : SSTACK, proxy12_addCollidingPairs@stack
7ec0 - 7ec2 : SSTACK, catchBall_2@stack
7ec0 - 7ec0 : SSTACK, proxy12_catchBall@stack
7fd0 - 7fd0 : SSTACK, addFakeBalls_2@stack
7fd0 - 7fd0 : SSTACK, proxy12_addFakeBalls@stack
7e99 - 7ec0 : SSTACK, updatePhysics_1@stack
7ec1 - 7ec1 : SSTACK, proxy21_resetBall@stack
7ec1 - 7ec1 : SSTACK, updateDestroyed_2@stack
7ec1 - 7ec1 : SSTACK, proxy12_updateDestroyed@stack
7ee1 - 7ee3 : SSTACK, execCollisionTimer_2@stack
7ee1 - 7ee1 : SSTACK, proxy12_execCollisionTimer@stack
7fc0 - 7fd0 : SSTACK, scoreQueue_dequeue_2@stack
7fc0 - 7fc0 : SSTACK, proxy12_scoreQueue_dequeue@stack
7fc6 - 7fd0 : SSTACK, bombQueue_dequeue_2@stack
7fc6 - 7fc6 : SSTACK, proxy12_bombQueue_dequeue@stack
7fd0 - 7fd0 : SSTACK, proxy12_colorAreaCircle@stack
7fd0 - 7fd0 : SSTACK, proxy12_bombQueue_enqueue@stack
7fd0 - 7fd0 : SSTACK, collideQueue_dequeue_2@stack
7fd0 - 7fd0 : SSTACK, proxy12_collideQueue_dequeue@stack
7ead - 7ec2 : SSTACK, delayedActions_1@stack
7fa1 - 7fd0 : SSTACK, updateCollisions_1@stack
7fd0 - 7fd0 : SSTACK, proxy31_doCirclesOverlap@stack
7fd0 - 7fd0 : SSTACK, proxy32_addCollidingPairs@stack
7fd0 - 7fd0 : SSTACK, proxy32_addFakeBalls@stack
7f9d - 7fd0 : SSTACK, simulatePhysics_3@stack
7f9d - 7f9d : SSTACK, proxy13_simulatePhysics@stack
7fd0 - 7fd0 : SSTACK, particle_remove_2@stack
7fd0 - 7fd0 : SSTACK, proxy32_particle_remove@stack
7fd0 - 7fd0 : SSTACK, restoreSimulationFinish_3@stack
7fd0 - 7fd0 : SSTACK, proxy13_restoreSimulationFinish@stack
7fcb - 7fd0 : SSTACK, doFirework_2@stack
7fcb - 7fcb : SSTACK, proxy12_doFirework@stack
7fd0 - 7fd0 : SSTACK, proxy13_getBoundingBoxChar@stack
7fd0 - 7fd0 : SSTACK, proxy12_score_inc@stack
7ee1 - 7ee3 : SSTACK, initBonusLine_3@stack
7ee1 - 7ee1 : SSTACK, proxy13_initBonusLine@stack
7e21 - 7e99 : SSTACK, frameLoop_1@stack
7e21 - 7e21 : SSTACK, main@stack

regions
0080 - 00fa : 0000, 0000, zeropage
0900 - 7000 : 53c9, 628c, main
8000 - c000 : bdff, 3dff, bank1
8000 - c000 : a8d0, 28d0, bank2
8000 - bc00 : a711, 2711, bank3
bc00 - c000 : bf00, 0300, chars
8000 - c000 : b24a, 324a, bank4
8000 - c000 : 94f1, 14f1, bank5
8000 - 8800 : 83f4, 03f4, sounds
8800 - c000 : 8c40, 0440, sprites
8000 - a000 : 9f40, 1f40, imgHires
a000 - b000 : a3e8, 03e8, imgCol
8000 - 9000 : 8baf, 0baf, music
9000 - 9800 : 97a9, 07a9, musicgame
9800 - a000 : 9e7b, 067b, musicbg
a000 - a800 : a3c0, 03c0, logo
a800 - ad00 : ad00, 0500, landscape1
ad00 - aee0 : aee0, 01e0, moon
aee0 - b0e0 : b0e0, 0200, alien1
b0e0 - b5e0 : b5e0, 0500, landscape2
b5e0 - b7e0 : b7e0, 0200, valleyl
b7e0 - b9e0 : b9e0, 0200, valleyr
b9e0 - bd00 : bc80, 02a0, alien2
be00 - be80 : be80, 0080, gridstar
8000 - 8500 : 8500, 0500, landscape3
8500 - 8700 : 8700, 0200, ship1
8700 - 8c40 : 8c40, 0540, ship2
0800 - 0900 : 08e6, 00e6, startup

objects
--:0080 - 0080 : ZeroStart, START:zeropage
--:0080 - 0080 : ZeroEnd, END:zeropage
--:0800 - 08e6 : startup, NATIVE_CODE:startup
--:0900 - 0900 : CodeStart, START:code
--:0900 - 0a9a : main, NATIVE_CODE:code
--:0a9a - 0ab1 : NMITrampoline, NATIVE_CODE:code
--:0ab1 - 0ab8 : DoneTrampoline, NATIVE_CODE:code
--:0ab8 - 0acf : IRQTrampoline, NATIVE_CODE:code
--:0acf - 0ad7 : memcpy@proxy, NATIVE_CODE:code
--:0ad7 - 0afe : memcpy, NATIVE_CODE:code
--:0afe - 0b16 : proxy_memcpy@proxy, NATIVE_CODE:code
--:0b16 - 0b24 : proxy_memcpy, NATIVE_CODE:code
--:0b24 - 0b3c : vic_setmode, NATIVE_CODE:code
--:0b3c - 0b78 : proxy0_spr_set, NATIVE_CODE:code
--:0b78 - 0c0d : spr_set, NATIVE_CODE:code
--:0c1d - 0d65 : sin, NATIVE_CODE:code
--:0d65 - 0dff : fmul, NATIVE_CODE:code
--:0dff - 0e01 : rirq_stop, NATIVE_CODE:code
--:0e01 - 0e4b : proxy17_copyTitle, NATIVE_CODE:code
--:0e4b - 0e58 : playSubtune, NATIVE_CODE:code
--:0e58 - 0e8e : rasterMenuInit, NATIVE_CODE:code
--:0e8e - 0e9d : rirq_start, NATIVE_CODE:code
--:0e9d - 0ebe : rirq_init_kernal, NATIVE_CODE:code
--:0ebe - 0ede : rirq_init_tables, NATIVE_CODE:code
--:0ede - 0f4c : irq1, NATIVE_CODE:code
--:0f4c - 0ff0 : rirq_build, NATIVE_CODE:code
--:0ff0 - 108f : menu_interrupt, NATIVE_CODE:code
--:108f - 10ce : joy_poll, NATIVE_CODE:code
--:10ce - 10f9 : music_play, NATIVE_CODE:code
--:10f9 - 10fe : colorAreaUnclipped@proxy, NATIVE_CODE:code
--:10fe - 1197 : colorAreaUnclipped, NATIVE_CODE:code
--:1197 - 1213 : rirq_sort, NATIVE_CODE:code
--:1213 - 12f4 : proxy_drawImageUnclipped, NATIVE_CODE:code
--:12f4 - 1344 : proxy0_put_string, NATIVE_CODE:code
--:1344 - 150f : bm_put_chars, NATIVE_CODE:code
--:150f - 16b3 : bmu_text, NATIVE_CODE:code
--:16b3 - 1e61 : bm_bitblit, NATIVE_CODE:code
--:1e61 - 1e69 : builddop_src@proxy, NATIVE_CODE:code
--:1e69 - 1fa3 : builddop_src, NATIVE_CODE:code
--:1fa3 - 20a2 : builddop_op, NATIVE_CODE:code
--:20a2 - 20aa : strlen@proxy, NATIVE_CODE:code
--:20aa - 20c5 : strlen, NATIVE_CODE:code
--:20c5 - 210d : proxy0_bm_rect_fill, NATIVE_CODE:code
--:210d - 2155 : proxy0_bm_rect_clear, NATIVE_CODE:code
--:2155 - 2173 : proxy12_startHighlight, NATIVE_CODE:code
--:2173 - 217c : itoa@proxy, NATIVE_CODE:code
--:217c - 21ef : itoa, NATIVE_CODE:code
--:21ef - 21fd : proxy12_decLevel, NATIVE_CODE:code
--:21fd - 220d : proxy12_incLevel, NATIVE_CODE:code
--:220d - 221b : proxy12_titleFadeOut, NATIVE_CODE:code
--:221b - 2227 : rirq_wait, NATIVE_CODE:code
--:2227 - 2235 : proxy23_qsqrt, NATIVE_CODE:code
--:2235 - 2239 : proxy0_colorChar@proxy, NATIVE_CODE:code
--:2239 - 228f : proxy0_colorChar, NATIVE_CODE:code
--:228f - 2293 : proxy0_cleanScreen@proxy, NATIVE_CODE:code
--:2293 - 22ed : proxy0_cleanScreen, NATIVE_CODE:code
--:22ed - 2309 : memset, NATIVE_CODE:code
--:2309 - 2317 : proxy12_intro, NATIVE_CODE:code
--:2317 - 233e : rand, NATIVE_CODE:code
--:233e - 239e : proxy0_pix_set, NATIVE_CODE:code
--:239e - 23cb : proxy13_copyCharset, NATIVE_CODE:code
--:23cb - 23cf : proxy12_setTunes@proxy, NATIVE_CODE:code
--:23cf - 23dd : proxy12_setTunes, NATIVE_CODE:code
--:23dd - 2409 : music_ff, NATIVE_CODE:code
--:2409 - 24ba : rasterInit, NATIVE_CODE:code
--:24ba - 2670 : joy_interrupt, NATIVE_CODE:code
--:2670 - 2682 : proxy12_string_write, NATIVE_CODE:code
--:2682 - 2690 : proxy12_score_reset, NATIVE_CODE:code
--:2690 - 2699 : proxy0_drawFrame, NATIVE_CODE:code
--:2699 - 26a7 : proxy13_preInitScene, NATIVE_CODE:code
--:26a7 - 26b5 : proxy14_initScene, NATIVE_CODE:code
--:26b5 - 26c4 : proxy3_setGameObjectBall, NATIVE_CODE:code
--:26c4 - 26d3 : proxy3_setGameObjectCannon, NATIVE_CODE:code
--:26d3 - 26e2 : proxy3_setGameObjectImage, NATIVE_CODE:code
--:26e2 - 26f1 : proxy3_setGameObjectWallEdge, NATIVE_CODE:code
--:26f1 - 2700 : proxy3_setGameObjectTimedCircle, NATIVE_CODE:code
--:2700 - 270f : proxy3_setGameObjectValueableTimedEdge, NATIVE_CODE:code
--:270f - 271e : proxy3_setGameObjectTimedEdge, NATIVE_CODE:code
--:271e - 272d : proxy3_setGameObjectTimedValuableCircle, NATIVE_CODE:code
--:272d - 273c : proxy3_setGameObjectBombCircle, NATIVE_CODE:code
--:273c - 2740 : proxy3_addActor@proxy, NATIVE_CODE:code
--:2740 - 274f : proxy3_addActor, NATIVE_CODE:code
--:274f - 275e : proxy3_setGameObjectLargeText, NATIVE_CODE:code
--:275e - 276d : proxy3_setGameObjectLaser, NATIVE_CODE:code
--:276d - 277c : proxy3_setGameObjectCrackCircle, NATIVE_CODE:code
--:277c - 278b : proxy3_setGameObjectCircleOrientation, NATIVE_CODE:code
--:278b - 279a : proxy3_setGameObjectTimedBonusScoreCircle, NATIVE_CODE:code
--:279a - 27a9 : proxy3_setGameObjectBumpCircle, NATIVE_CODE:code
--:27a9 - 27b8 : proxy3_setGameObjectPortal, NATIVE_CODE:code
--:27b8 - 27c7 : proxy3_setGameObjectActivateBallCircle, NATIVE_CODE:code
--:27c7 - 27d6 : proxy3_addDepObject, NATIVE_CODE:code
--:27d6 - 27e5 : proxy3_setGameObjectSwitchCircle, NATIVE_CODE:code
--:27e5 - 27f4 : proxy3_setGameObjectValuableCrackCircle, NATIVE_CODE:code
--:27f4 - 2802 : proxy45_initScene10, NATIVE_CODE:code
--:2802 - 2811 : proxy3_setGameObjectBombWallEdge, NATIVE_CODE:code
--:2811 - 281f : proxy45_initScene11, NATIVE_CODE:code
--:281f - 2830 : proxy3_setGameObjectKillCircle, NATIVE_CODE:code
--:2830 - 283e : proxy45_initScene12, NATIVE_CODE:code
--:283e - 284c : proxy45_initScene13, NATIVE_CODE:code
--:284c - 285a : proxy13_postInitScene, NATIVE_CODE:code
--:285a - 286b : proxy31_updateRender, NATIVE_CODE:code
--:286b - 2883 : proxy12_particle_add, NATIVE_CODE:code
--:2883 - 2891 : proxy14_drawBackgroundImage, NATIVE_CODE:code
--:2891 - 2895 : proxy12_colorBoundingBox@proxy, NATIVE_CODE:code
--:2895 - 28a3 : proxy12_colorBoundingBox, NATIVE_CODE:code
--:28a3 - 2913 : proxy0_colorArea, NATIVE_CODE:code
--:2913 - 2921 : proxy12_printLargeString, NATIVE_CODE:code
--:2921 - 2a9c : proxy0_lchar_put, NATIVE_CODE:code
--:2a9c - 2aa4 : strcat@proxy, NATIVE_CODE:code
--:2aa4 - 2adb : strcat, NATIVE_CODE:code
--:2adb - 2d6b : proxy0_bm_circle_fill, NATIVE_CODE:code
--:2d6b - 2f0d : bm_scan_fill, NATIVE_CODE:code
--:2f0d - 3733 : proxy0_bm_line, NATIVE_CODE:code
--:3733 - 37f2 : lmuldiv16s, NATIVE_CODE:code
--:37f2 - 3800 : proxy13_qsqrt, NATIVE_CODE:code
--:3800 - 3b73 : proxy0_bm_triangle_fill, NATIVE_CODE:code
--:3b73 - 3d94 : bm_trapezoid_fill, NATIVE_CODE:code
--:3d94 - 3da2 : proxy12_updateFace, NATIVE_CODE:code
--:3da2 - 3dba : proxy32_dispatchEvent, NATIVE_CODE:code
--:3dba - 3dc8 : proxy21_updateRender, NATIVE_CODE:code
--:3dc8 - 3dd6 : proxy21_deleteRender, NATIVE_CODE:code
--:3dd6 - 3de4 : proxy21_activateSecondaryBall, NATIVE_CODE:code
--:3de4 - 3e03 : playSfx, NATIVE_CODE:code
--:3e03 - 3e11 : proxy21_deactivateSecondaryBall, NATIVE_CODE:code
--:3e11 - 3e1f : proxy12_hideGameObject, NATIVE_CODE:code
--:3e1f - 3eae : proxy0_put_score, NATIVE_CODE:code
--:3eae - 3f51 : proxy0_put_text, NATIVE_CODE:code
--:3f51 - 3f5f : proxy12_showBalls, NATIVE_CODE:code
--:3f5f - 3f71 : proxy12_showMultiplier, NATIVE_CODE:code
--:3f71 - 3f7f : proxy12_setGlobalOrientation, NATIVE_CODE:code
--:3f7f - 3f98 : proxy0_spr_image, NATIVE_CODE:code
--:3f98 - 3fde : proxy23_setGameObjectCannon, NATIVE_CODE:code
--:3fde - 3fec : proxy12_executeLargeTextTimer, NATIVE_CODE:code
--:3fec - 3ffa : proxy12_updateCannon, NATIVE_CODE:code
--:3ffa - 4008 : proxy23_saveSimulationStart, NATIVE_CODE:code
--:4008 - 4016 : proxy32_particle_init, NATIVE_CODE:code
--:4016 - 406d : proxy13_getBoundingBoxCircle, NATIVE_CODE:code
--:406d - 407b : proxy12_killBall, NATIVE_CODE:code
--:407b - 4089 : proxy12_dispatchEvent, NATIVE_CODE:code
--:4089 - 40d0 : proxy12_scoreQueue_enqueue, NATIVE_CODE:code
--:40d0 - 40de : proxy12_portalSwitch, NATIVE_CODE:code
--:40de - 4107 : proxy12_explodeBomb, NATIVE_CODE:code
--:4107 - 4190 : proxy21_doCirclesOverlap, NATIVE_CODE:code
--:4190 - 419e : proxy21_handleDelete, NATIVE_CODE:code
--:419e - 41b0 : proxy12_collideQueue_isQueued, NATIVE_CODE:code
--:41b0 - 41be : proxy12_handleScore, NATIVE_CODE:code
--:41be - 41ce : proxy12_collideQueue_enqueue, NATIVE_CODE:code
--:41ce - 41dc : proxy12_addCollidingPairs, NATIVE_CODE:code
--:41dc - 41ea : proxy12_catchBall, NATIVE_CODE:code
--:41ea - 41f8 : proxy12_addFakeBalls, NATIVE_CODE:code
--:41f8 - 4206 : proxy12_updateDestroyed, NATIVE_CODE:code
--:4206 - 4214 : proxy21_resetBall, NATIVE_CODE:code
--:4214 - 4222 : proxy12_execCollisionTimer, NATIVE_CODE:code
--:4222 - 4238 : proxy12_scoreQueue_dequeue, NATIVE_CODE:code
--:4238 - 424e : proxy12_bombQueue_dequeue, NATIVE_CODE:code
--:424e - 4261 : proxy12_colorAreaCircle, NATIVE_CODE:code
--:4261 - 42a8 : proxy12_bombQueue_enqueue, NATIVE_CODE:code
--:42a8 - 42b8 : proxy12_collideQueue_dequeue, NATIVE_CODE:code
--:42b8 - 42c6 : proxy13_simulatePhysics, NATIVE_CODE:code
--:42c6 - 434f : proxy31_doCirclesOverlap, NATIVE_CODE:code
--:434f - 435d : proxy32_addCollidingPairs, NATIVE_CODE:code
--:435d - 436b : proxy32_addFakeBalls, NATIVE_CODE:code
--:436b - 4379 : proxy13_restoreSimulationFinish, NATIVE_CODE:code
--:4379 - 4387 : proxy32_particle_remove, NATIVE_CODE:code
--:4387 - 4395 : proxy12_doFirework, NATIVE_CODE:code
--:4395 - 43b3 : proxy13_getBoundingBoxChar, NATIVE_CODE:code
--:43b3 - 43c1 : proxy12_score_inc, NATIVE_CODE:code
--:43c1 - 43cf : proxy13_initBonusLine, NATIVE_CODE:code
--:43cf - 4407 : mul16by8, NATIVE_CODE:code
--:4407 - 444c : freg, NATIVE_CODE:code
--:444c - 4539 : faddsub, NATIVE_CODE:code
--:4539 - 4567 : fmul8, NATIVE_CODE:code
--:4567 - 4615 : fdiv, NATIVE_CODE:code
--:4615 - 4619 : mul16@proxy, NATIVE_CODE:code
--:4619 - 465b : mul16, NATIVE_CODE:code
--:4676 - 4684 : negaccu, NATIVE_CODE:code
--:4684 - 4692 : negtmp, NATIVE_CODE:code
--:4692 - 469a : divmod@proxy, NATIVE_CODE:code
--:469a - 471f : divmod, NATIVE_CODE:code
--:471f - 4723 : mods16@proxy, NATIVE_CODE:code
--:4723 - 474c : mods16, NATIVE_CODE:code
--:474c - 4846 : fround, NATIVE_CODE:code
--:4846 - 4894 : f32_to_i16, NATIVE_CODE:code
--:4894 - 48c3 : f32_to_u16, NATIVE_CODE:code
--:48c3 - 48c7 : sint16_to_float@proxy, NATIVE_CODE:code
--:48c7 - 48e5 : sint16_to_float, NATIVE_CODE:code
--:48e5 - 48e9 : uint16_to_float@proxy, NATIVE_CODE:code
--:48e9 - 4916 : uint16_to_float, NATIVE_CODE:code
--:4916 - 4965 : fcmp, NATIVE_CODE:code
--:4965 - 49be : mul32, NATIVE_CODE:code
--:49be - 49d9 : divs32, NATIVE_CODE:code
--:49d9 - 49f3 : negaccu32, NATIVE_CODE:code
--:49f3 - 4a0d : negtmp32, NATIVE_CODE:code
--:4a0d - 4aea : divmod32, NATIVE_CODE:code
--:4aea - 4afb : store32, NATIVE_CODE:code
--:4afb - 4b0c : load32, NATIVE_CODE:code
--:4b0c - 4b1c : __multab9L, DATA:code
--:4b1c - 4b1f : __multab80L, DATA:code
--:4b1f - 4b2f : __multab5L, DATA:code
--:4b2f - 4b36 : __multab6L, DATA:code
--:4b36 - 4b3a : __multab3L, DATA:code
--:4b3a - 4b3f : __multab60L, DATA:code
--:4b3f - 4b4a : proxy3_addActor@proxy, NATIVE_CODE:code
--:4b4a - 4b51 : proxy3_addActor@proxy, NATIVE_CODE:code
--:4b51 - 4b5c : sint16_to_float@proxy, NATIVE_CODE:code
--:4b5c - 4b63 : sint16_to_float@proxy, NATIVE_CODE:code
--:4b63 - 4b6a : sint16_to_float@proxy, NATIVE_CODE:code
--:4b6a - 4b75 : sint16_to_float@proxy, NATIVE_CODE:code
--:4b75 - 4b80 : sint16_to_float@proxy, NATIVE_CODE:code
--:4b80 - 4b87 : sin@proxy, NATIVE_CODE:code
--:4b87 - 4b9a : sin@proxy, NATIVE_CODE:code
--:4b9a - 4ba7 : itoa@proxy, NATIVE_CODE:code
--:4ba7 - 4bae : divmod@proxy, NATIVE_CODE:code
--:4bae - 4bb6 : colorAreaUnclipped@proxy, NATIVE_CODE:code
--:4bb6 - 4bbd : colorAreaUnclipped@proxy, NATIVE_CODE:code
--:4bbd - 4bd0 : colorAreaUnclipped@proxy, NATIVE_CODE:code
--:4bd0 - 4bdf : memcpy@proxy, NATIVE_CODE:code
--:4bdf - 4bee : memcpy@proxy, NATIVE_CODE:code
--:4bee - 4bf9 : memcpy@proxy, NATIVE_CODE:code
--:4bf9 - 4c05 : uint16_to_float@proxy, NATIVE_CODE:code
--:4c05 - 4c10 : uint16_to_float@proxy, NATIVE_CODE:code
--:4c10 - 4c1b : uint16_to_float@proxy, NATIVE_CODE:code
--:4c1b - 4c22 : uint16_to_float@proxy, NATIVE_CODE:code
--:4c22 - 4c2d : uint16_to_float@proxy, NATIVE_CODE:code
--:4c2d - 4c38 : freg@proxy, NATIVE_CODE:code
--:4c38 - 4c43 : freg@proxy, NATIVE_CODE:code
--:4c43 - 4c52 : freg@proxy, NATIVE_CODE:code
--:4c52 - 4c59 : freg@proxy, NATIVE_CODE:code
--:4c59 - 4c60 : freg@proxy, NATIVE_CODE:code
--:4c60 - 4c6b : freg@proxy, NATIVE_CODE:code
--:4c6b - 4c72 : freg@proxy, NATIVE_CODE:code
--:4c72 - 4c7d : freg@proxy, NATIVE_CODE:code
--:4c7d - 4c84 : freg@proxy, NATIVE_CODE:code
--:4c84 - 4c8f : freg@proxy, NATIVE_CODE:code
--:4c8f - 4c96 : freg@proxy, NATIVE_CODE:code
--:4c96 - 4ca1 : freg@proxy, NATIVE_CODE:code
--:4ca1 - 4cac : freg@proxy, NATIVE_CODE:code
--:4cac - 4cb7 : freg@proxy, NATIVE_CODE:code
--:4cb7 - 4cc2 : freg@proxy, NATIVE_CODE:code
--:4cc2 - 4ccd : freg@proxy, NATIVE_CODE:code
--:4ccd - 4cd8 : freg@proxy, NATIVE_CODE:code
--:4cd8 - 4ce3 : freg@proxy, NATIVE_CODE:code
--:4ce3 - 4cf6 : freg@proxy, NATIVE_CODE:code
--:4cf6 - 4d01 : freg@proxy, NATIVE_CODE:code
--:4d01 - 4d08 : freg@proxy, NATIVE_CODE:code
--:4d08 - 4d13 : freg@proxy, NATIVE_CODE:code
--:4d13 - 4d1e : freg@proxy, NATIVE_CODE:code
--:4d1e - 4d29 : freg@proxy, NATIVE_CODE:code
--:4d29 - 4d34 : freg@proxy, NATIVE_CODE:code
--:4d34 - 4d3f : freg@proxy, NATIVE_CODE:code
--:4d3f - 4d4a : freg@proxy, NATIVE_CODE:code
--:4d4a - 4d5d : freg@proxy, NATIVE_CODE:code
--:4d5d - 4d70 : freg@proxy, NATIVE_CODE:code
--:4d70 - 4d77 : freg@proxy, NATIVE_CODE:code
--:4d77 - 4d8a : freg@proxy, NATIVE_CODE:code
--:4d8a - 4d91 : freg@proxy, NATIVE_CODE:code
--:4d91 - 4d98 : freg@proxy, NATIVE_CODE:code
--:4d98 - 4da3 : freg@proxy, NATIVE_CODE:code
--:4da3 - 4dae : freg@proxy, NATIVE_CODE:code
--:4dae - 4db5 : freg@proxy, NATIVE_CODE:code
--:4db5 - 4dc0 : freg@proxy, NATIVE_CODE:code
--:4dc0 - 4dc7 : freg@proxy, NATIVE_CODE:code
--:4dc7 - 4dce : freg@proxy, NATIVE_CODE:code
--:4dce - 4dd9 : freg@proxy, NATIVE_CODE:code
--:4dd9 - 4de4 : freg@proxy, NATIVE_CODE:code
--:4de4 - 4def : freg@proxy, NATIVE_CODE:code
--:4def - 4dfa : freg@proxy, NATIVE_CODE:code
--:4dfa - 4e0d : freg@proxy, NATIVE_CODE:code
--:4e0d - 4e20 : freg@proxy, NATIVE_CODE:code
--:4e20 - 4e33 : freg@proxy, NATIVE_CODE:code
--:4e33 - 4e3e : freg@proxy, NATIVE_CODE:code
--:4e3e - 4e49 : freg@proxy, NATIVE_CODE:code
--:4e49 - 4e54 : freg@proxy, NATIVE_CODE:code
--:4e54 - 4e5f : freg@proxy, NATIVE_CODE:code
--:4e5f - 4e66 : freg@proxy, NATIVE_CODE:code
--:4e66 - 4e71 : freg@proxy, NATIVE_CODE:code
--:4e71 - 4e7c : freg@proxy, NATIVE_CODE:code
--:4e7c - 4e87 : freg@proxy, NATIVE_CODE:code
--:4e87 - 4e96 : freg@proxy, NATIVE_CODE:code
--:4e96 - 4ea1 : freg@proxy, NATIVE_CODE:code
--:4ea1 - 4eac : freg@proxy, NATIVE_CODE:code
--:4eac - 4eb7 : freg@proxy, NATIVE_CODE:code
--:4eb7 - 4eca : freg@proxy, NATIVE_CODE:code
--:4eca - 4ecb : collideQueueFront, DATA:data
--:4ecb - 4ecc : collideQueueRear, DATA:data
--:4ecc - 4ecd : scoreQueueFront, DATA:data
--:4ecd - 4ece : scoreQueueRear, DATA:data
--:4ece - 4ecf : bombQueueFront, DATA:data
--:4ecf - 4ed0 : bombQueueRear, DATA:data
--:4ed0 - 4ed1 : posYTray, DATA:data
--:4ed1 - 4ed2 : level, DATA:data
--:4ed2 - 4ed3 : playTunes, DATA:data
--:4ed3 - 4ed4 : npos, DATA:data
--:4ed4 - 4ed5 : tpos, DATA:data
--:4ed5 - 4ed7 : cntMusic, DATA:data
--:4ed7 - 4ef7 : lumFromBlack, DATA:data
--:4ef7 - 4eff : scr, DATA:data
--:4eff - 512a : TinyFont, DATA:data
--:512a - 5132 : tbitmap, DATA:data
--:5132 - 513a : lmask, DATA:data
--:513a - 5142 : rmask, DATA:data
--:5142 - 5146 : blitops_op, DATA:data
--:5146 - 5148 : seed, DATA:data
--:5148 - 5150 : setmask, DATA:data
--:5150 - 5151 : breakMusic, DATA:data
--:5151 - 5152 : tray, DATA:data
--:5152 - 51d2 : sintab, DATA:data
--:51d2 - 51fb : scoreTxt, DATA:data
--:51fb - 51fc : numColPairs, DATA:data
--:51fc - 51fd : numFakes, DATA:data
--:51fd - 51fe : numObjects, DATA:data
--:51fe - 51ff : numActors, DATA:data
--:51ff - 5200 : totalValueableObjects, DATA:data
--:5200 - 5201 : multiplier, DATA:data
--:5201 - 5202 : extraBalls, DATA:data
--:5202 - 5203 : balls, DATA:data
--:5203 - 5204 : mainBall, DATA:data
--:5204 - 5205 : globalOrientation, DATA:data
--:5205 - 5206 : mainCannon, DATA:data
--:5206 - 5207 : currentCannon, DATA:data
--:5207 - 520b : currentAngleStep, DATA:data
--:520b - 520c : largeTextId, DATA:data
--:520c - 520e : largeTextTimer, DATA:data
--:520e - 520f : numDepObjects, DATA:data
--:520f - 5239 : scoreBoard, DATA:data
--:5239 - 523a : startValueableObjects, DATA:data
--:523a - 523b : valueableObjects, DATA:data
--:523b - 523d : orbzScore, DATA:data
--:523d - 523f : roundScore, DATA:data
--:523f - 5241 : levelScore, DATA:data
--:5241 - 52b9 : texts, DATA:data
--:52b9 - 5301 : NineShadesOfGrey, DATA:data
--:5301 - 5379 : Patterns, DATA:data
--:5379 - 537a : bumptimer, DATA:data
--:537a - 537b : completed, DATA:data
--:537b - 537c : stuckCnt, DATA:data
--:537c - 5384 : blues8, DATA:data
--:5384 - 5389 : bonusTxt, DATA:data
--:5389 - 53c1 : bitshift, DATA:data
--:53c1 - 53c9 : ubitmask, DATA:data
--:53c9 - 53c9 : BSSStart, START:bss
--:53c9 - 53ca : timer, DATA:bss
--:53ca - 53cb : traySprite, DATA:bss
--:53cb - 53cd : vspriteScreen, DATA:bss
--:53cd - 53d5 : Screen, DATA:bss
--:53d5 - 53fd : px, DATA:bss
--:53fd - 5425 : py, DATA:bss
--:5425 - 542c : highlight, DATA:bss
--:542c - 542d : state, DATA:bss
--:542d - 543e : rasterIRQRows, DATA:bss
--:543e - 544f : rasterIRQIndex, DATA:bss
--:544f - 5460 : rasterIRQNext, DATA:bss
--:5460 - 5461 : nextIRQ, DATA:bss
--:5461 - 5471 : rasterIRQLow, DATA:bss
--:5471 - 5481 : rasterIRQHigh, DATA:bss
--:5481 - 5482 : rirq_count, DATA:bss
--:5482 - 54a2 : rmenu, DATA:bss
--:54a2 - 54a4 : joyy, DATA:bss
--:54a4 - 54a6 : joyx, DATA:bss
--:54a6 - 54a8 : joyb, DATA:bss
--:54a8 - 54a9 : titlePhase, DATA:bss
--:54a9 - 54b1 : tworks, DATA:bss
--:54b1 - 54b2 : menuItem, DATA:bss
--:54b2 - 54b4 : pfirst, DATA:bss
--:54b4 - 54b6 : pfree, DATA:bss
--:54b6 - 54b7 : tx, DATA:bss
--:54b7 - 54b8 : bombDistance, DATA:bss
--:54b8 - 55f8 : tbuffer, DATA:bss
--:55f8 - 56d8 : BLIT_CODE, DATA:bss
--:56d8 - 570a : Hirows, DATA:bss
--:570a - 598a : particles, DATA:bss
--:598a - 598e : timeElapsing, DATA:bss
--:598e - 5994 : collidingTimers, DATA:bss
--:5994 - 5995 : callBank, DATA:bss
--:5995 - 599d : depObjects, DATA:bss
--:599d - 599e : faceState, DATA:bss
--:599e - 599f : ballSide, DATA:bss
--:599f - 59a0 : faceTimer, DATA:bss
--:59a0 - 59c0 : top, DATA:bss
--:59c0 - 59e0 : bottom, DATA:bss
--:59e0 - 68e0 : gameObjects, DATA:bss
--:68e0 - 6970 : actorList, DATA:bss
--:6970 - 6971 : simLeftRight, DATA:bss
--:6971 - 6975 : saveSimPx, DATA:bss
--:6975 - 6979 : saveSimPy, DATA:bss
--:6979 - 697a : hasSimHit, DATA:bss
--:697a - 697b : simEndCnt, DATA:bss
--:697b - 697c : simDone, DATA:bss
--:697c - 697e : remainTimer, DATA:bss
--:697e - 69fe : scoreQueue, DATA:bss
--:69fe - 69ff : loopc, DATA:bss
--:69ff - 6a4f : bombQueue, DATA:bss
--:6a4f - 6a8f : collideQueue, DATA:bss
--:6a8f - 6a9b : colPairs, DATA:bss
--:6a9b - 6b8b : fakeBalls, DATA:bss
--:6b8b - 6b8c : loopo, DATA:bss
--:6b8c - 6b8c : BSSEnd, END:bss
--:7e21 - 7e21 : StackEnd, END:stack
--:7e21 - 7e32 : frameLoop_1@stack, BSS:frameLoop_1@stack
--:7e32 - 7e42 : titleTxt, BSS:frameLoop_1@stack
--:7e42 - 7e51 : author2Txt, BSS:frameLoop_1@stack
--:7e51 - 7e64 : authorTxt, BSS:frameLoop_1@stack
--:7e64 - 7e69 : backTxt, BSS:frameLoop_1@stack
--:7e69 - 7e7a : levelTxt, BSS:frameLoop_1@stack
--:7e7a - 7e85 : startTxt, BSS:frameLoop_1@stack
--:7e85 - 7e99 : sub, BSS:frameLoop_1@stack
--:7e99 - 7ec0 : updatePhysics_1@stack, BSS:updatePhysics_1@stack
--:7ead - 7eb5 : delayedActions_1@stack, BSS:delayedActions_1@stack
--:7eb0 - 7ec2 : updateCannon_2@stack, BSS:updateCannon_2@stack
--:7eb5 - 7eba : bombDisplay, BSS:delayedActions_1@stack
--:7eba - 7ec2 : scoreDisplay, BSS:delayedActions_1@stack
--:7eba - 7ec2 : postInitScene_3@stack, BSS:postInitScene_3@stack
--:7ec0 - 7ec2 : catchBall_2@stack, BSS:catchBall_2@stack
--:7ec1 - 7ec2 : resetBall_1@stack, BSS:resetBall_1@stack
--:7ec2 - 7ecd : dispatchEvent_2@stack, BSS:dispatchEvent_2@stack
--:7ecd - 7ee3 : activateSecondaryBall_1@stack, BSS:activateSecondaryBall_1@stack
--:7ecf - 7ed3 : handleDelete_1@stack, BSS:handleDelete_1@stack
--:7ed3 - 7ed6 : hideGameObject_2@stack, BSS:hideGameObject_2@stack
--:7ed6 - 7ede : disp, BSS:hideGameObject_2@stack
--:7edc - 7ede : setGlobalOrientation_2@stack, BSS:setGlobalOrientation_2@stack
--:7edc - 7ede : executeLargeTextTimer_2@stack, BSS:executeLargeTextTimer_2@stack
--:7edc - 7ee3 : execActionLaser_2@stack, BSS:execActionLaser_2@stack
--:7ede - 7ee3 : deleteRender_1@stack, BSS:deleteRender_1@stack
--:7ede - 7ee3 : execActionRandom_2@stack, BSS:execActionRandom_2@stack
--:7ee1 - 7ee3 : execCollisionTimer_2@stack, BSS:execCollisionTimer_2@stack
--:7ee1 - 7ee3 : initBonusLine_3@stack, BSS:initBonusLine_3@stack
--:7ee2 - 7ee3 : execActionRoll_2@stack, BSS:execActionRoll_2@stack
--:7ee2 - 7ee7 : intro_2@stack, BSS:intro_2@stack
--:7ee2 - 7ee3 : portalSwitch_2@stack, BSS:portalSwitch_2@stack
--:7ee3 - 7f12 : updateRender_1@stack, BSS:updateRender_1@stack
--:7ee7 - 7f08 : intro5, BSS:intro_2@stack
--:7f08 - 7f36 : intro4, BSS:intro_2@stack
--:7f12 - 7f26 : rpy, BSS:updateRender_1@stack
--:7f26 - 7f3a : rpx, BSS:updateRender_1@stack
--:7f36 - 7f62 : intro3, BSS:intro_2@stack
--:7f3a - 7f44 : printLargeString_2@stack, BSS:printLargeString_2@stack
--:7f44 - 7f4a : buf3, BSS:printLargeString_2@stack
--:7f49 - 7f79 : initScene_4@stack, BSS:initScene_4@stack
--:7f4a - 7f50 : buf2, BSS:printLargeString_2@stack
--:7f50 - 7f53 : buf1, BSS:printLargeString_2@stack
--:7f53 - 7f7b : sub, BSS:printLargeString_2@stack
--:7f62 - 7f77 : intro2, BSS:intro_2@stack
--:7f77 - 7fb2 : intro1, BSS:intro_2@stack
--:7f79 - 7f82 : arraySwitches, BSS:initScene_4@stack
--:7f7b - 7f81 : buf3, BSS:printLargeString_2@stack
--:7f81 - 7f87 : buf2, BSS:printLargeString_2@stack
--:7f82 - 7fba : initScene10_5@stack, BSS:initScene10_5@stack
--:7f87 - 7f8a : buf1, BSS:printLargeString_2@stack
--:7f8a - 7fb2 : sub, BSS:printLargeString_2@stack
--:7f8c - 7fbc : initScene12_5@stack, BSS:initScene12_5@stack
--:7f95 - 7fa6 : handleScore_2@stack, BSS:handleScore_2@stack
--:7f9b - 7fba : initScene13_5@stack, BSS:initScene13_5@stack
--:7f9d - 7fd0 : simulatePhysics_3@stack, BSS:simulatePhysics_3@stack
--:7fa1 - 7fd0 : updateCollisions_1@stack, BSS:updateCollisions_1@stack
--:7fa6 - 7faa : proxy0_put_score@stack, BSS:proxy0_put_score@stack
--:7fa9 - 7fbf : proxy0_bm_triangle_fill@stack, BSS:proxy0_bm_triangle_fill@stack
--:7faa - 7fb4 : buffer, BSS:proxy0_put_score@stack
--:7faf - 7fb2 : buffer, BSS:paintLevMenu_1@stack
--:7fb0 - 7fb4 : proxy0_put_text@stack, BSS:proxy0_put_text@stack
--:7fb2 - 7fb4 : proxy0_put_string@stack, BSS:proxy0_put_string@stack
--:7fb4 - 7fba : bm_put_chars@stack, BSS:bm_put_chars@stack
--:7fba - 7fbe : setGameObjectTimedEdge_3@stack, BSS:setGameObjectTimedEdge_3@stack
--:7fba - 7fd0 : bm_bitblit@stack, BSS:bm_bitblit@stack
--:7fba - 7fbe : setGameObjectLaser_3@stack, BSS:setGameObjectLaser_3@stack
--:7fbc - 7fbe : setGameObjectValueableTimedEdge_3@stack, BSS:setGameObjectValueableTimedEdge_3@stack
--:7fbc - 7fbe : setGameObjectBombWallEdge_3@stack, BSS:setGameObjectBombWallEdge_3@stack
--:7fbc - 7fbe : setGameObjectWallEdge_3@stack, BSS:setGameObjectWallEdge_3@stack
--:7fbe - 7fd0 : getBoundingBoxLine_3@stack, BSS:getBoundingBoxLine_3@stack
--:7fbf - 7fd0 : bm_trapezoid_fill@stack, BSS:bm_trapezoid_fill@stack
--:7fc0 - 7fd0 : initScene11_5@stack, BSS:initScene11_5@stack
--:7fc0 - 7fc8 : n, BSS:scoreQueue_dequeue_2@stack
--:7fc0 - 7fd0 : proxy0_lchar_put@stack, BSS:proxy0_lchar_put@stack
--:7fc6 - 7fcb : n, BSS:bombQueue_dequeue_2@stack
--:7fc7 - 7fd0 : proxy0_bm_line@stack, BSS:proxy0_bm_line@stack
--:7fc7 - 7fd0 : proxy0_bm_circle_fill@stack, BSS:proxy0_bm_circle_fill@stack
--:7fc8 - 7fd0 : ret, BSS:scoreQueue_dequeue_2@stack
--:7fc8 - 7fd0 : titleFadeOut_2@stack, BSS:titleFadeOut_2@stack
--:7fcb - 7fd0 : doFirework_2@stack, BSS:doFirework_2@stack
--:7fcb - 7fd0 : ret, BSS:bombQueue_dequeue_2@stack
--:7fcc - 7fd0 : initStarPolygon_2@stack, BSS:initStarPolygon_2@stack
--:7fce - 7fd0 : buff, BSS:showBalls_2@stack
--:7fcf - 7fd0 : buff, BSS:showMultiplier_2@stack
--:7fd0 - 8000 : sstack, STACK:sstack
01:8000 - 8c6b : frameLoop_1, NATIVE_CODE:bcode1
01:8c6b - 8c7f : *, DATA:bcode1
01:8c7f - 8c8a : *, DATA:bcode1
01:8c8a - 8c9b : *, DATA:bcode1
01:8c9b - 8ca0 : *, DATA:bcode1
01:8ca0 - 8cb3 : *, DATA:bcode1
01:8cb3 - 8cc2 : *, DATA:bcode1
01:8cc2 - 8cd2 : *, DATA:bcode1
01:8cd2 - 8d2e : paintLevMenu_1, NATIVE_CODE:bcode1
01:8d2e - 8dd8 : deactivateSecondaryBall_1, NATIVE_CODE:bcode1
01:8dd8 - a1ed : updateRender_1, NATIVE_CODE:bcode1
01:a1ed - a353 : deleteRender_1, NATIVE_CODE:bcode1
01:a353 - a583 : activateSecondaryBall_1, NATIVE_CODE:bcode1
01:a583 - b696 : updatePhysics_1, NATIVE_CODE:bcode1
01:b696 - b73c : resetBall_1, NATIVE_CODE:bcode1
01:b73c - b854 : handleDelete_1, NATIVE_CODE:bcode1
01:b854 - b9aa : delayedActions_1, NATIVE_CODE:bcode1
01:b9aa - bdff : updateCollisions_1, NATIVE_CODE:bcode1
02:8000 - 80d2 : initStarPolygon_2, NATIVE_CODE:bcode2
02:80d2 - 8117 : showBalls_2, NATIVE_CODE:bcode2
02:8117 - 811b : startHighlight_2@proxy, NATIVE_CODE:bcode2
02:811b - 8151 : startHighlight_2, NATIVE_CODE:bcode2
02:8151 - 815a : decLevel_2, NATIVE_CODE:bcode2
02:815a - 8173 : incLevel_2, NATIVE_CODE:bcode2
02:8173 - 8206 : titleFadeOut_2, NATIVE_CODE:bcode2
02:8206 - 82bd : colorAreaCircle_2, NATIVE_CODE:bcode2
02:82bd - 85ad : intro_2, NATIVE_CODE:bcode2
02:85ad - 8604 : particle_init_2, NATIVE_CODE:bcode2
02:8604 - 863f : *, DATA:bcode2
02:863f - 8654 : *, DATA:bcode2
02:8654 - 8680 : *, DATA:bcode2
02:8680 - 86ae : *, DATA:bcode2
02:86ae - 86cf : *, DATA:bcode2
02:86cf - 872d : particle_add_2, NATIVE_CODE:bcode2
02:872d - 8731 : rnorm_2@proxy, NATIVE_CODE:bcode2
02:8731 - 877c : rnorm_2, NATIVE_CODE:bcode2
02:877c - 8784 : particle_move_2@proxy, NATIVE_CODE:bcode2
02:8784 - 88b8 : particle_move_2, NATIVE_CODE:bcode2
02:88b8 - 88ff : setTunes_2, NATIVE_CODE:bcode2
02:88ff - 8903 : string_write_2@proxy, NATIVE_CODE:bcode2
02:8903 - 892f : string_write_2, NATIVE_CODE:bcode2
02:892f - 893c : score_reset_2, NATIVE_CODE:bcode2
02:893c - 89ed : colorBoundingBox_2, NATIVE_CODE:bcode2
02:89ed - 8cb1 : printLargeString_2, NATIVE_CODE:bcode2
02:8cb1 - 8cba : *, DATA:bcode2
02:8cba - 8cbe : *, DATA:bcode2
02:8cbe - 8cc8 : *, DATA:bcode2
02:8cc8 - 8da4 : updateFace_2, NATIVE_CODE:bcode2
02:8da4 - 90ec : dispatchEvent_2, NATIVE_CODE:bcode2
02:90ec - 9177 : execActionLaser_2, NATIVE_CODE:bcode2
02:9177 - 920f : execActionRoll_2, NATIVE_CODE:bcode2
02:920f - 9320 : execActionRandom_2, NATIVE_CODE:bcode2
02:9320 - 93bc : hideGameObject_2, NATIVE_CODE:bcode2
02:93bc - 93bf : *, DATA:bcode2
02:93bf - 93f2 : showMultiplier_2, NATIVE_CODE:bcode2
02:93f2 - 947c : setGlobalOrientation_2, NATIVE_CODE:bcode2
02:947c - 94e5 : executeLargeTextTimer_2, NATIVE_CODE:bcode2
02:94e5 - 9a38 : updateCannon_2, NATIVE_CODE:bcode2
02:9a38 - 9ae6 : killBall_2, NATIVE_CODE:bcode2
02:9ae6 - 9b84 : scoreQueue_enqueue_2, NATIVE_CODE:bcode2
02:9b84 - 9c44 : portalSwitch_2, NATIVE_CODE:bcode2
02:9c44 - 9f66 : explodeBomb_2, NATIVE_CODE:bcode2
02:9f66 - 9fff : bombQueue_enqueue_2, NATIVE_CODE:bcode2
02:9fff - a085 : collideQueue_isQueued_2, NATIVE_CODE:bcode2
02:a085 - a236 : handleScore_2, NATIVE_CODE:bcode2
02:a236 - a274 : score_inc_2, NATIVE_CODE:bcode2
02:a274 - a2e5 : collideQueue_enqueue_2, NATIVE_CODE:bcode2
02:a2e5 - a303 : addCollidingPairs_2, NATIVE_CODE:bcode2
02:a303 - a3aa : catchBall_2, NATIVE_CODE:bcode2
02:a3aa - a46c : addFakeBalls_2, NATIVE_CODE:bcode2
02:a46c - a50e : updateDestroyed_2, NATIVE_CODE:bcode2
02:a50e - a55e : execCollisionTimer_2, NATIVE_CODE:bcode2
02:a55e - a5cb : scoreQueue_dequeue_2, NATIVE_CODE:bcode2
02:a5cb - a627 : bombQueue_dequeue_2, NATIVE_CODE:bcode2
02:a627 - a653 : collideQueue_dequeue_2, NATIVE_CODE:bcode2
02:a653 - a6ed : particle_remove_2, NATIVE_CODE:bcode2
02:a6ed - a8c9 : doFirework_2, NATIVE_CODE:bcode2
02:a8c9 - a8d0 : rnorm_2@proxy, NATIVE_CODE:bcode2
03:8000 - 807d : qsqrt_3, NATIVE_CODE:bcode3
03:807d - 80f0 : preInitScene_3, NATIVE_CODE:bcode3
03:80f0 - 81e5 : setGameObjectBall_3, NATIVE_CODE:bcode3
03:81e5 - 842d : setGameObjectCannon_3, NATIVE_CODE:bcode3
03:842d - 8506 : setGameObjectImage_3, NATIVE_CODE:bcode3
03:8506 - 8562 : getBoundingBoxChar_3, NATIVE_CODE:bcode3
03:8562 - 86b2 : setGameObjectWallEdge_3, NATIVE_CODE:bcode3
03:86b2 - 880d : getBoundingBoxLine_3, NATIVE_CODE:bcode3
03:880d - 8928 : setGameObjectTimedCircle_3, NATIVE_CODE:bcode3
03:8928 - 8a84 : setGameObjectValueableTimedEdge_3, NATIVE_CODE:bcode3
03:8a84 - 8bdb : setGameObjectTimedEdge_3, NATIVE_CODE:bcode3
03:8bdb - 8cf9 : setGameObjectTimedValuableCircle_3, NATIVE_CODE:bcode3
03:8cf9 - 8e0a : setGameObjectBombCircle_3, NATIVE_CODE:bcode3
03:8e0a - 8e46 : addActor_3, NATIVE_CODE:bcode3
03:8e46 - 8ee7 : setGameObjectLargeText_3, NATIVE_CODE:bcode3
03:8ee7 - 9034 : setGameObjectLaser_3, NATIVE_CODE:bcode3
03:9034 - 911a : setGameObjectCrackCircle_3, NATIVE_CODE:bcode3
03:911a - 9239 : setGameObjectCircleOrientation_3, NATIVE_CODE:bcode3
03:9239 - 9324 : setGameObjectTimedBonusScoreCircle_3, NATIVE_CODE:bcode3
03:9324 - 9437 : setGameObjectBumpCircle_3, NATIVE_CODE:bcode3
03:9437 - 9561 : setGameObjectPortal_3, NATIVE_CODE:bcode3
03:9561 - 9645 : setGameObjectActivateBallCircle_3, NATIVE_CODE:bcode3
03:9645 - 965c : addDepObject_3, NATIVE_CODE:bcode3
03:965c - 9778 : setGameObjectSwitchCircle_3, NATIVE_CODE:bcode3
03:9778 - 9864 : setGameObjectValuableCrackCircle_3, NATIVE_CODE:bcode3
03:9864 - 99be : setGameObjectBombWallEdge_3, NATIVE_CODE:bcode3
03:99be - 9a70 : setGameObjectKillCircle_3, NATIVE_CODE:bcode3
03:9a70 - 9ae5 : postInitScene_3, NATIVE_CODE:bcode3
03:9ae5 - 9b3d : saveSimulationStart_3, NATIVE_CODE:bcode3
03:9b3d - a52e : simulatePhysics_3, NATIVE_CODE:bcode3
03:a52e - a586 : restoreSimulationFinish_3, NATIVE_CODE:bcode3
03:a586 - a711 : initBonusLine_3, NATIVE_CODE:bcode3
03:bc00 - bf00 : TextChars, DATA:chars
04:8000 - b122 : initScene_4, NATIVE_CODE:bcode4
04:b122 - b24a : drawBackgroundImage_4, NATIVE_CODE:bcode4
05:8000 - 863e : initScene10_5, NATIVE_CODE:bcode5
05:863e - 8a2f : initScene11_5, NATIVE_CODE:bcode5
05:8a2f - 9021 : initScene12_5, NATIVE_CODE:bcode5
05:9021 - 94f1 : initScene13_5, NATIVE_CODE:bcode5
06:8000 - 83f4 : Sounds, DATA:sounds
06:8800 - 8c40 : ballsprites, DATA:sprites
07:8000 - 9f40 : ImgHires, DATA:imgHires
07:a000 - a3e8 : ImgCol, DATA:imgCol
08:8000 - 8baf : Music, DATA:music
08:9000 - 97a9 : MusicInGame, DATA:musicgame
08:9800 - 9e7b : MusicBackground, DATA:musicbg
08:a000 - a3c0 : ImgLogo, DATA:logo
08:a800 - ad00 : ImgLandscape1, DATA:landscape1
08:ad00 - aee0 : ImgMoon, DATA:moon
08:aee0 - b0e0 : ImgAlien1, DATA:alien1
08:b0e0 - b5e0 : ImgLandscape2, DATA:landscape2
08:b5e0 - b7e0 : ImgValleyL, DATA:valleyl
08:b7e0 - b9e0 : ImgValleyR, DATA:valleyr
08:b9e0 - bc80 : ImgAlien2, DATA:alien2
08:be00 - be80 : ImgGridstar, DATA:gridstar
09:8000 - 8500 : ImgLandscape3, DATA:landscape3
09:8500 - 8700 : ImgShip1, DATA:ship1
09:8700 - 8c40 : ImgShip2, DATA:ship2

banks
00 : 8000 .. bfea (3fea)
01 : 8000 .. bdff (3dff)
02 : 8000 .. a8d0 (28d0)
03 : 8000 .. bf00 (3f00)
04 : 8000 .. b24a (324a)
05 : 8000 .. 94f1 (14f1)
06 : 8000 .. 8c40 (0c40)
07 : 8000 .. a3e8 (23e8)
08 : 8000 .. be80 (3e80)
09 : 8000 .. 8c40 (0c40)

objects by size
04:8000 (3122) : initScene_4, NATIVE_CODE:bcode4
07:8000 (1f40) : ImgHires, DATA:imgHires
01:8dd8 (1415) : updateRender_1, NATIVE_CODE:bcode1
01:a583 (1113) : updatePhysics_1, NATIVE_CODE:bcode1
--:59e0 (0f00) : gameObjects, DATA:bss
01:8000 (0c6b) : frameLoop_1, NATIVE_CODE:bcode1
08:8000 (0baf) : Music, DATA:music
03:9b3d (09f1) : simulatePhysics_3, NATIVE_CODE:bcode3
--:2f0d (0826) : proxy0_bm_line, NATIVE_CODE:code
--:16b3 (07ae) : bm_bitblit, NATIVE_CODE:code
08:9000 (07a9) : MusicInGame, DATA:musicgame
08:9800 (067b) : MusicBackground, DATA:musicbg
05:8000 (063e) : initScene10_5, NATIVE_CODE:bcode5
05:8a2f (05f2) : initScene12_5, NATIVE_CODE:bcode5
02:94e5 (0553) : updateCannon_2, NATIVE_CODE:bcode2
09:8700 (0540) : ImgShip2, DATA:ship2
08:a800 (0500) : ImgLandscape1, DATA:landscape1
08:b0e0 (0500) : ImgLandscape2, DATA:landscape2
09:8000 (0500) : ImgLandscape3, DATA:landscape3
05:9021 (04d0) : initScene13_5, NATIVE_CODE:bcode5
01:b9aa (0455) : updateCollisions_1, NATIVE_CODE:bcode1
06:8800 (0440) : ballsprites, DATA:sprites
06:8000 (03f4) : Sounds, DATA:sounds
05:863e (03f1) : initScene11_5, NATIVE_CODE:bcode5
07:a000 (03e8) : ImgCol, DATA:imgCol
08:a000 (03c0) : ImgLogo, DATA:logo
--:3800 (0373) : proxy0_bm_triangle_fill, NATIVE_CODE:code
02:8da4 (0348) : dispatchEvent_2, NATIVE_CODE:bcode2
02:9c44 (0322) : explodeBomb_2, NATIVE_CODE:bcode2
03:bc00 (0300) : TextChars, DATA:chars
02:82bd (02f0) : intro_2, NATIVE_CODE:bcode2
02:89ed (02c4) : printLargeString_2, NATIVE_CODE:bcode2
08:b9e0 (02a0) : ImgAlien2, DATA:alien2
--:2adb (0290) : proxy0_bm_circle_fill, NATIVE_CODE:code
--:570a (0280) : particles, DATA:bss
03:81e5 (0248) : setGameObjectCannon_3, NATIVE_CODE:bcode3
01:a353 (0230) : activateSecondaryBall_1, NATIVE_CODE:bcode1
--:4eff (022b) : TinyFont, DATA:data
--:3b73 (0221) : bm_trapezoid_fill, NATIVE_CODE:code
08:aee0 (0200) : ImgAlien1, DATA:alien1
08:b5e0 (0200) : ImgValleyL, DATA:valleyl
08:b7e0 (0200) : ImgValleyR, DATA:valleyr
09:8500 (0200) : ImgShip1, DATA:ship1
08:ad00 (01e0) : ImgMoon, DATA:moon
02:a6ed (01dc) : doFirework_2, NATIVE_CODE:bcode2
--:1344 (01cb) : bm_put_chars, NATIVE_CODE:code
--:24ba (01b6) : joy_interrupt, NATIVE_CODE:code
02:a085 (01b1) : handleScore_2, NATIVE_CODE:bcode2
--:150f (01a4) : bmu_text, NATIVE_CODE:code
--:2d6b (01a2) : bm_scan_fill, NATIVE_CODE:code
--:0900 (019a) : main, NATIVE_CODE:code
03:a586 (018b) : initBonusLine_3, NATIVE_CODE:bcode3
--:2921 (017b) : proxy0_lchar_put, NATIVE_CODE:code
01:a1ed (0166) : deleteRender_1, NATIVE_CODE:bcode1
03:8928 (015c) : setGameObjectValueableTimedEdge_3, NATIVE_CODE:bcode3
03:86b2 (015b) : getBoundingBoxLine_3, NATIVE_CODE:bcode3
03:9864 (015a) : setGameObjectBombWallEdge_3, NATIVE_CODE:bcode3
03:8a84 (0157) : setGameObjectTimedEdge_3, NATIVE_CODE:bcode3
01:b854 (0156) : delayedActions_1, NATIVE_CODE:bcode1
03:8562 (0150) : setGameObjectWallEdge_3, NATIVE_CODE:bcode3
03:8ee7 (014d) : setGameObjectLaser_3, NATIVE_CODE:bcode3
--:0c1d (0148) : sin, NATIVE_CODE:code
--:54b8 (0140) : tbuffer, DATA:bss
--:1e69 (013a) : builddop_src, NATIVE_CODE:code
02:8784 (0134) : particle_move_2, NATIVE_CODE:bcode2
03:9437 (012a) : setGameObjectPortal_3, NATIVE_CODE:bcode3
04:b122 (0128) : drawBackgroundImage_4, NATIVE_CODE:bcode4
03:911a (011f) : setGameObjectCircleOrientation_3, NATIVE_CODE:bcode3
03:8bdb (011e) : setGameObjectTimedValuableCircle_3, NATIVE_CODE:bcode3
03:965c (011c) : setGameObjectSwitchCircle_3, NATIVE_CODE:bcode3
03:880d (011b) : setGameObjectTimedCircle_3, NATIVE_CODE:bcode3
01:b73c (0118) : handleDelete_1, NATIVE_CODE:bcode1
03:9324 (0113) : setGameObjectBumpCircle_3, NATIVE_CODE:bcode3
02:920f (0111) : execActionRandom_2, NATIVE_CODE:bcode2
03:8cf9 (0111) : setGameObjectBombCircle_3, NATIVE_CODE:bcode3
--:1fa3 (00ff) : builddop_op, NATIVE_CODE:code
--:474c (00fa) : fround, NATIVE_CODE:code
03:80f0 (00f5) : setGameObjectBall_3, NATIVE_CODE:bcode3
--:6a9b (00f0) : fakeBalls, DATA:bss
--:444c (00ed) : faddsub, NATIVE_CODE:code
03:9778 (00ec) : setGameObjectValuableCrackCircle_3, NATIVE_CODE:bcode3
03:9239 (00eb) : setGameObjectTimedBonusScoreCircle_3, NATIVE_CODE:bcode3
--:0800 (00e6) : startup, NATIVE_CODE:startup
03:9034 (00e6) : setGameObjectCrackCircle_3, NATIVE_CODE:bcode3
03:9561 (00e4) : setGameObjectActivateBallCircle_3, NATIVE_CODE:bcode3
--:1213 (00e1) : proxy_drawImageUnclipped, NATIVE_CODE:code
--:55f8 (00e0) : BLIT_CODE, DATA:bss
--:4a0d (00dd) : divmod32, NATIVE_CODE:code
02:8cc8 (00dc) : updateFace_2, NATIVE_CODE:bcode2
03:842d (00d9) : setGameObjectImage_3, NATIVE_CODE:bcode3
02:8000 (00d2) : initStarPolygon_2, NATIVE_CODE:bcode2
02:a3aa (00c2) : addFakeBalls_2, NATIVE_CODE:bcode2
02:9b84 (00c0) : portalSwitch_2, NATIVE_CODE:bcode2
--:3733 (00bf) : lmuldiv16s, NATIVE_CODE:code
02:8206 (00b7) : colorAreaCircle_2, NATIVE_CODE:bcode2
03:99be (00b2) : setGameObjectKillCircle_3, NATIVE_CODE:bcode3
--:2409 (00b1) : rasterInit, NATIVE_CODE:code
02:893c (00b1) : colorBoundingBox_2, NATIVE_CODE:bcode2
--:4567 (00ae) : fdiv, NATIVE_CODE:code
02:9a38 (00ae) : killBall_2, NATIVE_CODE:bcode2
01:8d2e (00aa) : deactivateSecondaryBall_1, NATIVE_CODE:bcode1
02:a303 (00a7) : catchBall_2, NATIVE_CODE:bcode2
01:b696 (00a6) : resetBall_1, NATIVE_CODE:bcode1
--:0f4c (00a4) : rirq_build, NATIVE_CODE:code
--:3eae (00a3) : proxy0_put_text, NATIVE_CODE:code
02:a46c (00a2) : updateDestroyed_2, NATIVE_CODE:bcode2
03:8e46 (00a1) : setGameObjectLargeText_3, NATIVE_CODE:bcode3
--:0ff0 (009f) : menu_interrupt, NATIVE_CODE:code
02:9ae6 (009e) : scoreQueue_enqueue_2, NATIVE_CODE:bcode2
02:9320 (009c) : hideGameObject_2, NATIVE_CODE:bcode2
--:0d65 (009a) : fmul, NATIVE_CODE:code
02:a653 (009a) : particle_remove_2, NATIVE_CODE:bcode2
--:10fe (0099) : colorAreaUnclipped, NATIVE_CODE:code
02:9f66 (0099) : bombQueue_enqueue_2, NATIVE_CODE:bcode2
02:9177 (0098) : execActionRoll_2, NATIVE_CODE:bcode2
--:0b78 (0095) : spr_set, NATIVE_CODE:code
02:8173 (0093) : titleFadeOut_2, NATIVE_CODE:bcode2
--:68e0 (0090) : actorList, DATA:bss
--:3e1f (008f) : proxy0_put_score, NATIVE_CODE:code
02:90ec (008b) : execActionLaser_2, NATIVE_CODE:bcode2
02:93f2 (008a) : setGlobalOrientation_2, NATIVE_CODE:bcode2
--:4107 (0089) : proxy21_doCirclesOverlap, NATIVE_CODE:code
--:42c6 (0089) : proxy31_doCirclesOverlap, NATIVE_CODE:code
02:9fff (0086) : collideQueue_isQueued_2, NATIVE_CODE:bcode2
--:469a (0085) : divmod, NATIVE_CODE:code
--:5152 (0080) : sintab, DATA:data
--:697e (0080) : scoreQueue, DATA:bss
08:be00 (0080) : ImgGridstar, DATA:gridstar
03:8000 (007d) : qsqrt_3, NATIVE_CODE:bcode3
--:1197 (007c) : rirq_sort, NATIVE_CODE:code
--:5241 (0078) : texts, DATA:data
--:5301 (0078) : Patterns, DATA:data
03:9a70 (0075) : postInitScene_3, NATIVE_CODE:bcode3
--:217c (0073) : itoa, NATIVE_CODE:code
03:807d (0073) : preInitScene_3, NATIVE_CODE:bcode3
02:a274 (0071) : collideQueue_enqueue_2, NATIVE_CODE:bcode2
--:28a3 (0070) : proxy0_colorArea, NATIVE_CODE:code
--:0ede (006e) : irq1, NATIVE_CODE:code
02:a55e (006d) : scoreQueue_dequeue_2, NATIVE_CODE:bcode2
02:947c (0069) : executeLargeTextTimer_2, NATIVE_CODE:bcode2
--:233e (0060) : proxy0_pix_set, NATIVE_CODE:code
02:86cf (005e) : particle_add_2, NATIVE_CODE:bcode2
01:8cd2 (005c) : paintLevMenu_1, NATIVE_CODE:bcode1
02:a5cb (005c) : bombQueue_dequeue_2, NATIVE_CODE:bcode2
03:8506 (005c) : getBoundingBoxChar_3, NATIVE_CODE:bcode3
--:2293 (005a) : proxy0_cleanScreen, NATIVE_CODE:code
--:4965 (0059) : mul32, NATIVE_CODE:code
03:9ae5 (0058) : saveSimulationStart_3, NATIVE_CODE:bcode3
03:a52e (0058) : restoreSimulationFinish_3, NATIVE_CODE:bcode3
--:4016 (0057) : proxy13_getBoundingBoxCircle, NATIVE_CODE:code
02:85ad (0057) : particle_init_2, NATIVE_CODE:bcode2
--:2239 (0056) : proxy0_colorChar, NATIVE_CODE:code
--:12f4 (0050) : proxy0_put_string, NATIVE_CODE:code
--:69ff (0050) : bombQueue, DATA:bss
02:a50e (0050) : execCollisionTimer_2, NATIVE_CODE:bcode2
--:4916 (004f) : fcmp, NATIVE_CODE:code
--:4846 (004e) : f32_to_i16, NATIVE_CODE:code
02:8731 (004b) : rnorm_2, NATIVE_CODE:bcode2
--:0e01 (004a) : proxy17_copyTitle, NATIVE_CODE:code
--:20c5 (0048) : proxy0_bm_rect_fill, NATIVE_CODE:code
--:210d (0048) : proxy0_bm_rect_clear, NATIVE_CODE:code
--:52b9 (0048) : NineShadesOfGrey, DATA:data
--:4089 (0047) : proxy12_scoreQueue_enqueue, NATIVE_CODE:code
--:4261 (0047) : proxy12_bombQueue_enqueue, NATIVE_CODE:code
02:88b8 (0047) : setTunes_2, NATIVE_CODE:bcode2
--:3f98 (0046) : proxy23_setGameObjectCannon, NATIVE_CODE:code
--:4407 (0045) : freg, NATIVE_CODE:code
02:80d2 (0045) : showBalls_2, NATIVE_CODE:bcode2
--:4619 (0042) : mul16, NATIVE_CODE:code
--:6a4f (0040) : collideQueue, DATA:bss
--:108f (003f) : joy_poll, NATIVE_CODE:code
02:a236 (003e) : score_inc_2, NATIVE_CODE:bcode2
--:0b3c (003c) : proxy0_spr_set, NATIVE_CODE:code
03:8e0a (003c) : addActor_3, NATIVE_CODE:bcode3
--:7f77 (003b) : intro1, BSS:intro_2@stack
--:43cf (0038) : mul16by8, NATIVE_CODE:code
--:5389 (0038) : bitshift, DATA:data
--:7f82 (0038) : initScene10_5@stack, BSS:initScene10_5@stack
--:2aa4 (0037) : strcat, NATIVE_CODE:code
--:0e58 (0036) : rasterMenuInit, NATIVE_CODE:code
02:811b (0036) : startHighlight_2, NATIVE_CODE:bcode2
--:7f9d (0033) : simulatePhysics_3@stack, BSS:simulatePhysics_3@stack
02:93bf (0033) : showMultiplier_2, NATIVE_CODE:bcode2
--:56d8 (0032) : Hirows, DATA:bss
--:7f49 (0030) : initScene_4@stack, BSS:initScene_4@stack
--:7f8c (0030) : initScene12_5@stack, BSS:initScene12_5@stack
--:7fd0 (0030) : sstack, STACK:sstack
--:4894 (002f) : f32_to_u16, NATIVE_CODE:code
--:7ee3 (002f) : updateRender_1@stack, BSS:updateRender_1@stack
--:7fa1 (002f) : updateCollisions_1@stack, BSS:updateCollisions_1@stack
--:4539 (002e) : fmul8, NATIVE_CODE:code
--:7f08 (002e) : intro4, BSS:intro_2@stack
--:239e (002d) : proxy13_copyCharset, NATIVE_CODE:code
--:48e9 (002d) : uint16_to_float, NATIVE_CODE:code
--:23dd (002c) : music_ff, NATIVE_CODE:code
--:7f36 (002c) : intro3, BSS:intro_2@stack
02:8903 (002c) : string_write_2, NATIVE_CODE:bcode2
02:a627 (002c) : collideQueue_dequeue_2, NATIVE_CODE:bcode2
--:10ce (002b) : music_play, NATIVE_CODE:code
--:520f (002a) : scoreBoard, DATA:data
--:40de (0029) : proxy12_explodeBomb, NATIVE_CODE:code
--:4723 (0029) : mods16, NATIVE_CODE:code
--:51d2 (0029) : scoreTxt, DATA:data
--:53d5 (0028) : px, DATA:bss
--:53fd (0028) : py, DATA:bss
--:7f53 (0028) : sub, BSS:printLargeString_2@stack
--:7f8a (0028) : sub, BSS:printLargeString_2@stack
--:0ad7 (0027) : memcpy, NATIVE_CODE:code
--:2317 (0027) : rand, NATIVE_CODE:code
--:7e99 (0027) : updatePhysics_1@stack, BSS:updatePhysics_1@stack
--:0e9d (0021) : rirq_init_kernal, NATIVE_CODE:code
--:7ee7 (0021) : intro5, BSS:intro_2@stack
--:0ebe (0020) : rirq_init_tables, NATIVE_CODE:code
--:4ed7 (0020) : lumFromBlack, DATA:data
--:5482 (0020) : rmenu, DATA:bss
--:59a0 (0020) : top, DATA:bss
--:59c0 (0020) : bottom, DATA:bss
--:3de4 (001f) : playSfx, NATIVE_CODE:code
--:7f9b (001f) : initScene13_5@stack, BSS:initScene13_5@stack
--:2155 (001e) : proxy12_startHighlight, NATIVE_CODE:code
--:4395 (001e) : proxy13_getBoundingBoxChar, NATIVE_CODE:code
--:48c7 (001e) : sint16_to_float, NATIVE_CODE:code
02:a2e5 (001e) : addCollidingPairs_2, NATIVE_CODE:bcode2
--:22ed (001c) : memset, NATIVE_CODE:code
--:20aa (001b) : strlen, NATIVE_CODE:code
--:49be (001b) : divs32, NATIVE_CODE:code
--:49d9 (001a) : negaccu32, NATIVE_CODE:code
--:49f3 (001a) : negtmp32, NATIVE_CODE:code
--:3f7f (0019) : proxy0_spr_image, NATIVE_CODE:code
02:815a (0019) : incLevel_2, NATIVE_CODE:bcode2
--:0afe (0018) : proxy_memcpy@proxy, NATIVE_CODE:code
--:0b24 (0018) : vic_setmode, NATIVE_CODE:code
--:286b (0018) : proxy12_particle_add, NATIVE_CODE:code
--:3da2 (0018) : proxy32_dispatchEvent, NATIVE_CODE:code
--:0a9a (0017) : NMITrampoline, NATIVE_CODE:code
--:0ab8 (0017) : IRQTrampoline, NATIVE_CODE:code
03:9645 (0017) : addDepObject_3, NATIVE_CODE:bcode3
--:4222 (0016) : proxy12_scoreQueue_dequeue, NATIVE_CODE:code
--:4238 (0016) : proxy12_bombQueue_dequeue, NATIVE_CODE:code
--:7ecd (0016) : activateSecondaryBall_1@stack, BSS:activateSecondaryBall_1@stack
--:7fa9 (0016) : proxy0_bm_triangle_fill@stack, BSS:proxy0_bm_triangle_fill@stack
--:7fba (0016) : bm_bitblit@stack, BSS:bm_bitblit@stack
--:7f62 (0015) : intro2, BSS:intro_2@stack
--:7e85 (0014) : sub, BSS:frameLoop_1@stack
--:7f12 (0014) : rpy, BSS:updateRender_1@stack
--:7f26 (0014) : rpx, BSS:updateRender_1@stack
--:424e (0013) : proxy12_colorAreaCircle, NATIVE_CODE:code
--:4b87 (0013) : sin@proxy, NATIVE_CODE:code
--:4bbd (0013) : colorAreaUnclipped@proxy, NATIVE_CODE:code
--:4ce3 (0013) : freg@proxy, NATIVE_CODE:code
--:4d4a (0013) : freg@proxy, NATIVE_CODE:code
--:4d5d (0013) : freg@proxy, NATIVE_CODE:code
--:4d77 (0013) : freg@proxy, NATIVE_CODE:code
--:4dfa (0013) : freg@proxy, NATIVE_CODE:code
--:4e0d (0013) : freg@proxy, NATIVE_CODE:code
--:4e20 (0013) : freg@proxy, NATIVE_CODE:code
--:4eb7 (0013) : freg@proxy, NATIVE_CODE:code
--:7e51 (0013) : authorTxt, BSS:frameLoop_1@stack
--:2670 (0012) : proxy12_string_write, NATIVE_CODE:code
--:3f5f (0012) : proxy12_showMultiplier, NATIVE_CODE:code
--:419e (0012) : proxy12_collideQueue_isQueued, NATIVE_CODE:code
--:7eb0 (0012) : updateCannon_2@stack, BSS:updateCannon_2@stack
--:7fbe (0012) : getBoundingBoxLine_3@stack, BSS:getBoundingBoxLine_3@stack
--:281f (0011) : proxy3_setGameObjectKillCircle, NATIVE_CODE:code
--:285a (0011) : proxy31_updateRender, NATIVE_CODE:code
--:4aea (0011) : store32, NATIVE_CODE:code
--:4afb (0011) : load32, NATIVE_CODE:code
--:542d (0011) : rasterIRQRows, DATA:bss
--:543e (0011) : rasterIRQIndex, DATA:bss
--:544f (0011) : rasterIRQNext, DATA:bss
--:7e21 (0011) : frameLoop_1@stack, BSS:frameLoop_1@stack
--:7e69 (0011) : levelTxt, BSS:frameLoop_1@stack
--:7f95 (0011) : handleScore_2@stack, BSS:handleScore_2@stack
--:7fbf (0011) : bm_trapezoid_fill@stack, BSS:bm_trapezoid_fill@stack
--:21fd (0010) : proxy12_incLevel, NATIVE_CODE:code
--:41be (0010) : proxy12_collideQueue_enqueue, NATIVE_CODE:code
--:42a8 (0010) : proxy12_collideQueue_dequeue, NATIVE_CODE:code
--:4b0c (0010) : __multab9L, DATA:code
--:4b1f (0010) : __multab5L, DATA:code
--:5461 (0010) : rasterIRQLow, DATA:bss
--:5471 (0010) : rasterIRQHigh, DATA:bss
--:7e32 (0010) : titleTxt, BSS:frameLoop_1@stack
--:7fc0 (0010) : initScene11_5@stack, BSS:initScene11_5@stack
--:7fc0 (0010) : proxy0_lchar_put@stack, BSS:proxy0_lchar_put@stack
--:0e8e (000f) : rirq_start, NATIVE_CODE:code
--:26b5 (000f) : proxy3_setGameObjectBall, NATIVE_CODE:code
--:26c4 (000f) : proxy3_setGameObjectCannon, NATIVE_CODE:code
--:26d3 (000f) : proxy3_setGameObjectImage, NATIVE_CODE:code
--:26e2 (000f) : proxy3_setGameObjectWallEdge, NATIVE_CODE:code
--:26f1 (000f) : proxy3_setGameObjectTimedCircle, NATIVE_CODE:code
--:2700 (000f) : proxy3_setGameObjectValueableTimedEdge, NATIVE_CODE:code
--:270f (000f) : proxy3_setGameObjectTimedEdge, NATIVE_CODE:code
--:271e (000f) : proxy3_setGameObjectTimedValuableCircle, NATIVE_CODE:code
--:272d (000f) : proxy3_setGameObjectBombCircle, NATIVE_CODE:code
--:2740 (000f) : proxy3_addActor, NATIVE_CODE:code
--:274f (000f) : proxy3_setGameObjectLargeText, NATIVE_CODE:code
--:275e (000f) : proxy3_setGameObjectLaser, NATIVE_CODE:code
--:276d (000f) : proxy3_setGameObjectCrackCircle, NATIVE_CODE:code
--:277c (000f) : proxy3_setGameObjectCircleOrientation, NATIVE_CODE:code
--:278b (000f) : proxy3_setGameObjectTimedBonusScoreCircle, NATIVE_CODE:code
--:279a (000f) : proxy3_setGameObjectBumpCircle, NATIVE_CODE:code
--:27a9 (000f) : proxy3_setGameObjectPortal, NATIVE_CODE:code
--:27b8 (000f) : proxy3_setGameObjectActivateBallCircle, NATIVE_CODE:code
--:27c7 (000f) : proxy3_addDepObject, NATIVE_CODE:code
--:27d6 (000f) : proxy3_setGameObjectSwitchCircle, NATIVE_CODE:code
--:27e5 (000f) : proxy3_setGameObjectValuableCrackCircle, NATIVE_CODE:code
--:2802 (000f) : proxy3_setGameObjectBombWallEdge, NATIVE_CODE:code
--:4bd0 (000f) : memcpy@proxy, NATIVE_CODE:code
--:4bdf (000f) : memcpy@proxy, NATIVE_CODE:code
--:4c43 (000f) : freg@proxy, NATIVE_CODE:code
--:4e87 (000f) : freg@proxy, NATIVE_CODE:code
--:7e42 (000f) : author2Txt, BSS:frameLoop_1@stack
--:0b16 (000e) : proxy_memcpy, NATIVE_CODE:code
--:21ef (000e) : proxy12_decLevel, NATIVE_CODE:code
--:220d (000e) : proxy12_titleFadeOut, NATIVE_CODE:code
--:2227 (000e) : proxy23_qsqrt, NATIVE_CODE:code
--:2309 (000e) : proxy12_intro, NATIVE_CODE:code
--:23cf (000e) : proxy12_setTunes, NATIVE_CODE:code
--:2682 (000e) : proxy12_score_reset, NATIVE_CODE:code
--:2699 (000e) : proxy13_preInitScene, NATIVE_CODE:code
--:26a7 (000e) : proxy14_initScene, NATIVE_CODE:code
--:27f4 (000e) : proxy45_initScene10, NATIVE_CODE:code
--:2811 (000e) : proxy45_initScene11, NATIVE_CODE:code
--:2830 (000e) : proxy45_initScene12, NATIVE_CODE:code
--:283e (000e) : proxy45_initScene13, NATIVE_CODE:code
--:284c (000e) : proxy13_postInitScene, NATIVE_CODE:code
--:2883 (000e) : proxy14_drawBackgroundImage, NATIVE_CODE:code
--:2895 (000e) : proxy12_colorBoundingBox, NATIVE_CODE:code
--:2913 (000e) : proxy12_printLargeString, NATIVE_CODE:code
--:37f2 (000e) : proxy13_qsqrt, NATIVE_CODE:code
--:3d94 (000e) : proxy12_updateFace, NATIVE_CODE:code
--:3dba (000e) : proxy21_updateRender, NATIVE_CODE:code
--:3dc8 (000e) : proxy21_deleteRender, NATIVE_CODE:code
--:3dd6 (000e) : proxy21_activateSecondaryBall, NATIVE_CODE:code
--:3e03 (000e) : proxy21_deactivateSecondaryBall, NATIVE_CODE:code
--:3e11 (000e) : proxy12_hideGameObject, NATIVE_CODE:code
--:3f51 (000e) : proxy12_showBalls, NATIVE_CODE:code
--:3f71 (000e) : proxy12_setGlobalOrientation, NATIVE_CODE:code
--:3fde (000e) : proxy12_executeLargeTextTimer, NATIVE_CODE:code
--:3fec (000e) : proxy12_updateCannon, NATIVE_CODE:code
--:3ffa (000e) : proxy23_saveSimulationStart, NATIVE_CODE:code
--:4008 (000e) : proxy32_particle_init, NATIVE_CODE:code
--:406d (000e) : proxy12_killBall, NATIVE_CODE:code
--:407b (000e) : proxy12_dispatchEvent, NATIVE_CODE:code
--:40d0 (000e) : proxy12_portalSwitch, NATIVE_CODE:code
--:4190 (000e) : proxy21_handleDelete, NATIVE_CODE:code
--:41b0 (000e) : proxy12_handleScore, NATIVE_CODE:code
--:41ce (000e) : proxy12_addCollidingPairs, NATIVE_CODE:code
--:41dc (000e) : proxy12_catchBall, NATIVE_CODE:code
--:41ea (000e) : proxy12_addFakeBalls, NATIVE_CODE:code
--:41f8 (000e) : proxy12_updateDestroyed, NATIVE_CODE:code
--:4206 (000e) : proxy21_resetBall, NATIVE_CODE:code
--:4214 (000e) : proxy12_execCollisionTimer, NATIVE_CODE:code
--:42b8 (000e) : proxy13_simulatePhysics, NATIVE_CODE:code
--:434f (000e) : proxy32_addCollidingPairs, NATIVE_CODE:code
--:435d (000e) : proxy32_addFakeBalls, NATIVE_CODE:code
--:436b (000e) : proxy13_restoreSimulationFinish, NATIVE_CODE:code
--:4379 (000e) : proxy32_particle_remove, NATIVE_CODE:code
--:4387 (000e) : proxy12_doFirework, NATIVE_CODE:code
--:43b3 (000e) : proxy12_score_inc, NATIVE_CODE:code
--:43c1 (000e) : proxy13_initBonusLine, NATIVE_CODE:code
--:4676 (000e) : negaccu, NATIVE_CODE:code
--:4684 (000e) : negtmp, NATIVE_CODE:code
--:0e4b (000d) : playSubtune, NATIVE_CODE:code
--:4b9a (000d) : itoa@proxy, NATIVE_CODE:code
02:892f (000d) : score_reset_2, NATIVE_CODE:bcode2
--:221b (000c) : rirq_wait, NATIVE_CODE:code
--:4bf9 (000c) : uint16_to_float@proxy, NATIVE_CODE:code
--:6a8f (000c) : colPairs, DATA:bss
--:4b3f (000b) : proxy3_addActor@proxy, NATIVE_CODE:code
--:4b51 (000b) : sint16_to_float@proxy, NATIVE_CODE:code
--:4b6a (000b) : sint16_to_float@proxy, NATIVE_CODE:code
--:4b75 (000b) : sint16_to_float@proxy, NATIVE_CODE:code
--:4bee (000b) : memcpy@proxy, NATIVE_CODE:code
--:4c05 (000b) : uint16_to_float@proxy, NATIVE_CODE:code
--:4c10 (000b) : uint16_to_float@proxy, NATIVE_CODE:code
--:4c22 (000b) : uint16_to_float@proxy, NATIVE_CODE:code
--:4c2d (000b) : freg@proxy, NATIVE_CODE:code
--:4c38 (000b) : freg@proxy, NATIVE_CODE:code
--:4c60 (000b) : freg@proxy, NATIVE_CODE:code
--:4c72 (000b) : freg@proxy, NATIVE_CODE:code
--:4c84 (000b) : freg@proxy, NATIVE_CODE:code
--:4c96 (000b) : freg@proxy, NATIVE_CODE:code
--:4ca1 (000b) : freg@proxy, NATIVE_CODE:code
--:4cac (000b) : freg@proxy, NATIVE_CODE:code
--:4cb7 (000b) : freg@proxy, NATIVE_CODE:code
--:4cc2 (000b) : freg@proxy, NATIVE_CODE:code
--:4ccd (000b) : freg@proxy, NATIVE_CODE:code
--:4cd8 (000b) : freg@proxy, NATIVE_CODE:code
--:4cf6 (000b) : freg@proxy, NATIVE_CODE:code
--:4d08 (000b) : freg@proxy, NATIVE_CODE:code
--:4d13 (000b) : freg@proxy, NATIVE_CODE:code
--:4d1e (000b) : freg@proxy, NATIVE_CODE:code
--:4d29 (000b) : freg@proxy, NATIVE_CODE:code
--:4d34 (000b) : freg@proxy, NATIVE_CODE:code
--:4d3f (000b) : freg@proxy, NATIVE_CODE:code
--:4d98 (000b) : freg@proxy, NATIVE_CODE:code
--:4da3 (000b) : freg@proxy, NATIVE_CODE:code
--:4db5 (000b) : freg@proxy, NATIVE_CODE:code
--:4dce (000b) : freg@proxy, NATIVE_CODE:code
--:4dd9 (000b) : freg@proxy, NATIVE_CODE:code
--:4de4 (000b) : freg@proxy, NATIVE_CODE:code
--:4def (000b) : freg@proxy, NATIVE_CODE:code
--:4e33 (000b) : freg@proxy, NATIVE_CODE:code
--:4e3e (000b) : freg@proxy, NATIVE_CODE:code
--:4e49 (000b) : freg@proxy, NATIVE_CODE:code
--:4e54 (000b) : freg@proxy, NATIVE_CODE:code
--:4e66 (000b) : freg@proxy, NATIVE_CODE:code
--:4e71 (000b) : freg@proxy, NATIVE_CODE:code
--:4e7c (000b) : freg@proxy, NATIVE_CODE:code
--:4e96 (000b) : freg@proxy, NATIVE_CODE:code
--:4ea1 (000b) : freg@proxy, NATIVE_CODE:code
--:4eac (000b) : freg@proxy, NATIVE_CODE:code
--:7e7a (000b) : startTxt, BSS:frameLoop_1@stack
--:7ec2 (000b) : dispatchEvent_2@stack, BSS:dispatchEvent_2@stack
--:7f3a (000a) : printLargeString_2@stack, BSS:printLargeString_2@stack
--:7faa (000a) : buffer, BSS:proxy0_put_score@stack
--:2173 (0009) : itoa@proxy, NATIVE_CODE:code
--:2690 (0009) : proxy0_drawFrame, NATIVE_CODE:code
--:7f79 (0009) : arraySwitches, BSS:initScene_4@stack
--:7fc7 (0009) : proxy0_bm_line@stack, BSS:proxy0_bm_line@stack
--:7fc7 (0009) : proxy0_bm_circle_fill@stack, BSS:proxy0_bm_circle_fill@stack
02:8151 (0009) : decLevel_2, NATIVE_CODE:bcode2
--:0acf (0008) : memcpy@proxy, NATIVE_CODE:code
--:1e61 (0008) : builddop_src@proxy, NATIVE_CODE:code
--:20a2 (0008) : strlen@proxy, NATIVE_CODE:code
--:2a9c (0008) : strcat@proxy, NATIVE_CODE:code
--:4692 (0008) : divmod@proxy, NATIVE_CODE:code
--:4bae (0008) : colorAreaUnclipped@proxy, NATIVE_CODE:code
--:4ef7 (0008) : scr, DATA:data
--:512a (0008) : tbitmap, DATA:data
--:5132 (0008) : lmask, DATA:data
--:513a (0008) : rmask, DATA:data
--:5148 (0008) : setmask, DATA:data
--:537c (0008) : blues8, DATA:data
--:53c1 (0008) : ubitmask, DATA:data
--:53cd (0008) : Screen, DATA:bss
--:54a9 (0008) : tworks, DATA:bss
--:5995 (0008) : depObjects, DATA:bss
--:7ead (0008) : delayedActions_1@stack, BSS:delayedActions_1@stack
--:7eba (0008) : scoreDisplay, BSS:delayedActions_1@stack
--:7eba (0008) : postInitScene_3@stack, BSS:postInitScene_3@stack
--:7ed6 (0008) : disp, BSS:hideGameObject_2@stack
--:7fc0 (0008) : n, BSS:scoreQueue_dequeue_2@stack
--:7fc8 (0008) : ret, BSS:scoreQueue_dequeue_2@stack
--:7fc8 (0008) : titleFadeOut_2@stack, BSS:titleFadeOut_2@stack
02:877c (0008) : particle_move_2@proxy, NATIVE_CODE:bcode2
--:0ab1 (0007) : DoneTrampoline, NATIVE_CODE:code
--:4b2f (0007) : __multab6L, DATA:code
--:4b4a (0007) : proxy3_addActor@proxy, NATIVE_CODE:code
--:4b5c (0007) : sint16_to_float@proxy, NATIVE_CODE:code
--:4b63 (0007) : sint16_to_float@proxy, NATIVE_CODE:code
--:4b80 (0007) : sin@proxy, NATIVE_CODE:code
--:4ba7 (0007) : divmod@proxy, NATIVE_CODE:code
--:4bb6 (0007) : colorAreaUnclipped@proxy, NATIVE_CODE:code
--:4c1b (0007) : uint16_to_float@proxy, NATIVE_CODE:code
--:4c52 (0007) : freg@proxy, NATIVE_CODE:code
--:4c59 (0007) : freg@proxy, NATIVE_CODE:code
--:4c6b (0007) : freg@proxy, NATIVE_CODE:code
--:4c7d (0007) : freg@proxy, NATIVE_CODE:code
--:4c8f (0007) : freg@proxy, NATIVE_CODE:code
--:4d01 (0007) : freg@proxy, NATIVE_CODE:code
--:4d70 (0007) : freg@proxy, NATIVE_CODE:code
--:4d8a (0007) : freg@proxy, NATIVE_CODE:code
--:4d91 (0007) : freg@proxy, NATIVE_CODE:code
--:4dae (0007) : freg@proxy, NATIVE_CODE:code
--:4dc0 (0007) : freg@proxy, NATIVE_CODE:code
--:4dc7 (0007) : freg@proxy, NATIVE_CODE:code
--:4e5f (0007) : freg@proxy, NATIVE_CODE:code
--:5425 (0007) : highlight, DATA:bss
--:7edc (0007) : execActionLaser_2@stack, BSS:execActionLaser_2@stack
02:a8c9 (0007) : rnorm_2@proxy, NATIVE_CODE:bcode2
--:598e (0006) : collidingTimers, DATA:bss
--:7f44 (0006) : buf3, BSS:printLargeString_2@stack
--:7f4a (0006) : buf2, BSS:printLargeString_2@stack
--:7f7b (0006) : buf3, BSS:printLargeString_2@stack
--:7f81 (0006) : buf2, BSS:printLargeString_2@stack
--:7fb4 (0006) : bm_put_chars@stack, BSS:bm_put_chars@stack
--:10f9 (0005) : colorAreaUnclipped@proxy, NATIVE_CODE:code
--:4b3a (0005) : __multab60L, DATA:code
--:5384 (0005) : bonusTxt, DATA:data
--:7e64 (0005) : backTxt, BSS:frameLoop_1@stack
--:7eb5 (0005) : bombDisplay, BSS:delayedActions_1@stack
--:7ede (0005) : deleteRender_1@stack, BSS:deleteRender_1@stack
--:7ede (0005) : execActionRandom_2@stack, BSS:execActionRandom_2@stack
--:7ee2 (0005) : intro_2@stack, BSS:intro_2@stack
--:7fc6 (0005) : n, BSS:bombQueue_dequeue_2@stack
--:7fcb (0005) : doFirework_2@stack, BSS:doFirework_2@stack
--:7fcb (0005) : ret, BSS:bombQueue_dequeue_2@stack
--:2235 (0004) : proxy0_colorChar@proxy, NATIVE_CODE:code
--:228f (0004) : proxy0_cleanScreen@proxy, NATIVE_CODE:code
--:23cb (0004) : proxy12_setTunes@proxy, NATIVE_CODE:code
--:273c (0004) : proxy3_addActor@proxy, NATIVE_CODE:code
--:2891 (0004) : proxy12_colorBoundingBox@proxy, NATIVE_CODE:code
--:4615 (0004) : mul16@proxy, NATIVE_CODE:code
--:471f (0004) : mods16@proxy, NATIVE_CODE:code
--:48c3 (0004) : sint16_to_float@proxy, NATIVE_CODE:code
--:48e5 (0004) : uint16_to_float@proxy, NATIVE_CODE:code
--:4b36 (0004) : __multab3L, DATA:code
--:5142 (0004) : blitops_op, DATA:data
--:5207 (0004) : currentAngleStep, DATA:data
--:598a (0004) : timeElapsing, DATA:bss
--:6971 (0004) : saveSimPx, DATA:bss
--:6975 (0004) : saveSimPy, DATA:bss
--:7ecf (0004) : handleDelete_1@stack, BSS:handleDelete_1@stack
--:7fa6 (0004) : proxy0_put_score@stack, BSS:proxy0_put_score@stack
--:7fb0 (0004) : proxy0_put_text@stack, BSS:proxy0_put_text@stack
--:7fba (0004) : setGameObjectTimedEdge_3@stack, BSS:setGameObjectTimedEdge_3@stack
--:7fba (0004) : setGameObjectLaser_3@stack, BSS:setGameObjectLaser_3@stack
--:7fcc (0004) : initStarPolygon_2@stack, BSS:initStarPolygon_2@stack
02:8117 (0004) : startHighlight_2@proxy, NATIVE_CODE:bcode2
02:872d (0004) : rnorm_2@proxy, NATIVE_CODE:bcode2
02:88ff (0004) : string_write_2@proxy, NATIVE_CODE:bcode2
--:4b1c (0003) : __multab80L, DATA:code
--:7ed3 (0003) : hideGameObject_2@stack, BSS:hideGameObject_2@stack
--:7f50 (0003) : buf1, BSS:printLargeString_2@stack
--:7f87 (0003) : buf1, BSS:printLargeString_2@stack
--:7faf (0003) : buffer, BSS:paintLevMenu_1@stack
--:0dff (0002) : rirq_stop, NATIVE_CODE:code
--:4ed5 (0002) : cntMusic, DATA:data
--:5146 (0002) : seed, DATA:data
--:520c (0002) : largeTextTimer, DATA:data
--:523b (0002) : orbzScore, DATA:data
--:523d (0002) : roundScore, DATA:data
--:523f (0002) : levelScore, DATA:data
--:53cb (0002) : vspriteScreen, DATA:bss
--:54a2 (0002) : joyy, DATA:bss
--:54a4 (0002) : joyx, DATA:bss
--:54a6 (0002) : joyb, DATA:bss
--:54b2 (0002) : pfirst, DATA:bss
--:54b4 (0002) : pfree, DATA:bss
--:697c (0002) : remainTimer, DATA:bss
--:7ec0 (0002) : catchBall_2@stack, BSS:catchBall_2@stack
--:7edc (0002) : setGlobalOrientation_2@stack, BSS:setGlobalOrientation_2@stack
--:7edc (0002) : executeLargeTextTimer_2@stack, BSS:executeLargeTextTimer_2@stack
--:7ee1 (0002) : execCollisionTimer_2@stack, BSS:execCollisionTimer_2@stack
--:7ee1 (0002) : initBonusLine_3@stack, BSS:initBonusLine_3@stack
--:7fb2 (0002) : proxy0_put_string@stack, BSS:proxy0_put_string@stack
--:7fbc (0002) : setGameObjectValueableTimedEdge_3@stack, BSS:setGameObjectValueableTimedEdge_3@stack
--:7fbc (0002) : setGameObjectBombWallEdge_3@stack, BSS:setGameObjectBombWallEdge_3@stack
--:7fbc (0002) : setGameObjectWallEdge_3@stack, BSS:setGameObjectWallEdge_3@stack
--:7fce (0002) : buff, BSS:showBalls_2@stack
--:4eca (0001) : collideQueueFront, DATA:data
--:4ecb (0001) : collideQueueRear, DATA:data
--:4ecc (0001) : scoreQueueFront, DATA:data
--:4ecd (0001) : scoreQueueRear, DATA:data
--:4ece (0001) : bombQueueFront, DATA:data
--:4ecf (0001) : bombQueueRear, DATA:data
--:4ed0 (0001) : posYTray, DATA:data
--:4ed1 (0001) : level, DATA:data
--:4ed2 (0001) : playTunes, DATA:data
--:4ed3 (0001) : npos, DATA:data
--:4ed4 (0001) : tpos, DATA:data
--:5150 (0001) : breakMusic, DATA:data
--:5151 (0001) : tray, DATA:data
--:51fb (0001) : numColPairs, DATA:data
--:51fc (0001) : numFakes, DATA:data
--:51fd (0001) : numObjects, DATA:data
--:51fe (0001) : numActors, DATA:data
--:51ff (0001) : totalValueableObjects, DATA:data
--:5200 (0001) : multiplier, DATA:data
--:5201 (0001) : extraBalls, DATA:data
--:5202 (0001) : balls, DATA:data
--:5203 (0001) : mainBall, DATA:data
--:5204 (0001) : globalOrientation, DATA:data
--:5205 (0001) : mainCannon, DATA:data
--:5206 (0001) : currentCannon, DATA:data
--:520b (0001) : largeTextId, DATA:data
--:520e (0001) : numDepObjects, DATA:data
--:5239 (0001) : startValueableObjects, DATA:data
--:523a (0001) : valueableObjects, DATA:data
--:5379 (0001) : bumptimer, DATA:data
--:537a (0001) : completed, DATA:data
--:537b (0001) : stuckCnt, DATA:data
--:53c9 (0001) : timer, DATA:bss
--:53ca (0001) : traySprite, DATA:bss
--:542c (0001) : state, DATA:bss
--:5460 (0001) : nextIRQ, DATA:bss
--:5481 (0001) : rirq_count, DATA:bss
--:54a8 (0001) : titlePhase, DATA:bss
--:54b1 (0001) : menuItem, DATA:bss
--:54b6 (0001) : tx, DATA:bss
--:54b7 (0001) : bombDistance, DATA:bss
--:5994 (0001) : callBank, DATA:bss
--:599d (0001) : faceState, DATA:bss
--:599e (0001) : ballSide, DATA:bss
--:599f (0001) : faceTimer, DATA:bss
--:6970 (0001) : simLeftRight, DATA:bss
--:6979 (0001) : hasSimHit, DATA:bss
--:697a (0001) : simEndCnt, DATA:bss
--:697b (0001) : simDone, DATA:bss
--:69fe (0001) : loopc, DATA:bss
--:6b8b (0001) : loopo, DATA:bss
--:7ec1 (0001) : resetBall_1@stack, BSS:resetBall_1@stack
--:7ee2 (0001) : execActionRoll_2@stack, BSS:execActionRoll_2@stack
--:7ee2 (0001) : portalSwitch_2@stack, BSS:portalSwitch_2@stack
--:7fcf (0001) : buff, BSS:showMultiplier_2@stack
--:0080 (0000) : ZeroStart, START:zeropage
--:0080 (0000) : ZeroEnd, END:zeropage
--:0900 (0000) : CodeStart, START:code
--:53c9 (0000) : BSSStart, START:bss
--:6b8c (0000) : BSSEnd, END:bss
--:7e21 (0000) : StackEnd, END:stack
